Archive member included to satisfy reference by file (symbol)

/usr/lib/gcc/arm-none-eabi/8.3.1/thumb/v7e-m+fp/hard/libgcc.a(_arm_addsubdf3.o)
                              /sdcard/Download/iith/vaman/Assignment-9/codes/GCC_Project/output/ql_test_signals.o (__aeabi_dadd)
/usr/lib/gcc/arm-none-eabi/8.3.1/thumb/v7e-m+fp/hard/libgcc.a(_arm_muldivdf3.o)
                              /sdcard/Download/iith/vaman/Assignment-9/codes/GCC_Project/output/ql_test_signals.o (__aeabi_dmul)
/usr/lib/gcc/arm-none-eabi/8.3.1/thumb/v7e-m+fp/hard/libgcc.a(_arm_fixdfsi.o)
                              /sdcard/Download/iith/vaman/Assignment-9/codes/GCC_Project/output/ql_test_signals.o (__aeabi_d2iz)
/usr/lib/gcc/arm-none-eabi/8.3.1/thumb/v7e-m+fp/hard/libgcc.a(_arm_truncdfsf2.o)
                              /sdcard/Download/iith/vaman/Assignment-9/codes/GCC_Project/output/eoss3_hal_i2c.o (__aeabi_d2f)
/usr/lib/gcc/arm-none-eabi/8.3.1/thumb/v7e-m+fp/hard/libgcc.a(_aeabi_ldivmod.o)
                              /sdcard/Download/iith/vaman/Assignment-9/codes/GCC_Project/output/dbg_uart.o (__aeabi_ldivmod)
/usr/lib/gcc/arm-none-eabi/8.3.1/thumb/v7e-m+fp/hard/libgcc.a(_aeabi_uldivmod.o)
                              /sdcard/Download/iith/vaman/Assignment-9/codes/GCC_Project/output/s3x_lpm.o (__aeabi_uldivmod)
/usr/lib/gcc/arm-none-eabi/8.3.1/thumb/v7e-m+fp/hard/libgcc.a(_udivmoddi4.o)
                              /usr/lib/gcc/arm-none-eabi/8.3.1/thumb/v7e-m+fp/hard/libgcc.a(_aeabi_ldivmod.o) (__udivmoddi4)
/usr/lib/gcc/arm-none-eabi/8.3.1/thumb/v7e-m+fp/hard/libgcc.a(_dvmd_tls.o)
                              /usr/lib/gcc/arm-none-eabi/8.3.1/thumb/v7e-m+fp/hard/libgcc.a(_aeabi_ldivmod.o) (__aeabi_ldiv0)
/usr/lib/gcc/arm-none-eabi/8.3.1/../../../arm-none-eabi/lib/thumb/v7e-m+fp/hard/libg_nano.a(lib_a-atexit.o)
                              /usr/lib/gcc/arm-none-eabi/8.3.1/../../../arm-none-eabi/lib/thumb/v7e-m+fp/hard/crt0.o (atexit)
/usr/lib/gcc/arm-none-eabi/8.3.1/../../../arm-none-eabi/lib/thumb/v7e-m+fp/hard/libg_nano.a(lib_a-exit.o)
                              /usr/lib/gcc/arm-none-eabi/8.3.1/../../../arm-none-eabi/lib/thumb/v7e-m+fp/hard/crt0.o (exit)
/usr/lib/gcc/arm-none-eabi/8.3.1/../../../arm-none-eabi/lib/thumb/v7e-m+fp/hard/libg_nano.a(lib_a-fini.o)
                              /usr/lib/gcc/arm-none-eabi/8.3.1/../../../arm-none-eabi/lib/thumb/v7e-m+fp/hard/crt0.o (__libc_fini_array)
/usr/lib/gcc/arm-none-eabi/8.3.1/../../../arm-none-eabi/lib/thumb/v7e-m+fp/hard/libg_nano.a(lib_a-impure.o)
                              /usr/lib/gcc/arm-none-eabi/8.3.1/../../../arm-none-eabi/lib/thumb/v7e-m+fp/hard/libg_nano.a(lib_a-exit.o) (_global_impure_ptr)
/usr/lib/gcc/arm-none-eabi/8.3.1/../../../arm-none-eabi/lib/thumb/v7e-m+fp/hard/libg_nano.a(lib_a-init.o)
                              /usr/lib/gcc/arm-none-eabi/8.3.1/../../../arm-none-eabi/lib/thumb/v7e-m+fp/hard/crt0.o (__libc_init_array)
/usr/lib/gcc/arm-none-eabi/8.3.1/../../../arm-none-eabi/lib/thumb/v7e-m+fp/hard/libg_nano.a(lib_a-malloc.o)
                              /sdcard/Download/iith/vaman/Assignment-9/codes/GCC_Project/output/circularBuffQueue.o (malloc)
/usr/lib/gcc/arm-none-eabi/8.3.1/../../../arm-none-eabi/lib/thumb/v7e-m+fp/hard/libg_nano.a(lib_a-memcpy.o)
                              /sdcard/Download/iith/vaman/Assignment-9/codes/GCC_Project/output/cli_args.o (memcpy)
/usr/lib/gcc/arm-none-eabi/8.3.1/../../../arm-none-eabi/lib/thumb/v7e-m+fp/hard/libg_nano.a(lib_a-memset.o)
                              /usr/lib/gcc/arm-none-eabi/8.3.1/../../../arm-none-eabi/lib/thumb/v7e-m+fp/hard/crt0.o (memset)
/usr/lib/gcc/arm-none-eabi/8.3.1/../../../arm-none-eabi/lib/thumb/v7e-m+fp/hard/libg_nano.a(lib_a-nano-freer.o)
                              /usr/lib/gcc/arm-none-eabi/8.3.1/../../../arm-none-eabi/lib/thumb/v7e-m+fp/hard/libg_nano.a(lib_a-malloc.o) (_free_r)
/usr/lib/gcc/arm-none-eabi/8.3.1/../../../arm-none-eabi/lib/thumb/v7e-m+fp/hard/libg_nano.a(lib_a-nano-mallocr.o)
                              /usr/lib/gcc/arm-none-eabi/8.3.1/../../../arm-none-eabi/lib/thumb/v7e-m+fp/hard/libg_nano.a(lib_a-malloc.o) (_malloc_r)
/usr/lib/gcc/arm-none-eabi/8.3.1/../../../arm-none-eabi/lib/thumb/v7e-m+fp/hard/libg_nano.a(lib_a-printf.o)
                              /sdcard/Download/iith/vaman/Assignment-9/codes/GCC_Project/output/circularBuffQueue.o (printf)
/usr/lib/gcc/arm-none-eabi/8.3.1/../../../arm-none-eabi/lib/thumb/v7e-m+fp/hard/libg_nano.a(lib_a-puts.o)
                              /sdcard/Download/iith/vaman/Assignment-9/codes/GCC_Project/output/eoss3_hal_i2s_slave_assp.o (puts)
/usr/lib/gcc/arm-none-eabi/8.3.1/../../../arm-none-eabi/lib/thumb/v7e-m+fp/hard/libg_nano.a(lib_a-sbrkr.o)
                              /usr/lib/gcc/arm-none-eabi/8.3.1/../../../arm-none-eabi/lib/thumb/v7e-m+fp/hard/libg_nano.a(lib_a-nano-mallocr.o) (_sbrk_r)
/usr/lib/gcc/arm-none-eabi/8.3.1/../../../arm-none-eabi/lib/thumb/v7e-m+fp/hard/libg_nano.a(lib_a-setjmp.o)
[...]
Memory Configuration

Name             Origin             Length             Attributes
rom              0x0000000000000000 0x0000000000027000 xr
ram              0x0000000020027000 0x000000000003c800 xrw
spiram           0x0000000020063800 0x0000000000000800 rw
HWA              0x0000000020064000 0x0000000000018000 rw
shm              0x000000002007c000 0x0000000000004000
*default*        0x0000000000000000 0xffffffffffffffff

Linker script and memory map

LOAD /usr/lib/gcc/arm-none-eabi/8.3.1/thumb/v7e-m+fp/hard/crti.o
LOAD /usr/lib/gcc/arm-none-eabi/8.3.1/thumb/v7e-m+fp/hard/crtbegin.o
LOAD /usr/lib/gcc/arm-none-eabi/8.3.1/../../../arm-none-eabi/lib/thumb/v7e-m+fp/hard/crt0.o
LOAD /sdcard/Download/iith/vaman/Assignment-9/codes/GCC_Project/output/c_lib_retarget.o
LOAD /sdcard/Download/iith/vaman/Assignment-9/codes/GCC_Project/output/circularBuffQueue.o
LOAD /sdcard/Download/iith/vaman/Assignment-9/codes/GCC_Project/output/cli_args.o
LOAD /sdcard/Download/iith/vaman/Assignment-9/codes/GCC_Project/output/cli_hexdump.o
LOAD /sdcard/Download/iith/vaman/Assignment-9/codes/GCC_Project/output/cli_io.o
LOAD /sdcard/Download/iith/vaman/Assignment-9/codes/GCC_Project/output/cli_loop.o
LOAD /sdcard/Download/iith/vaman/Assignment-9/codes/GCC_Project/output/cli_misc.o
LOAD /sdcard/Download/iith/vaman/Assignment-9/codes/GCC_Project/output/cli_platform.o
LOAD /sdcard/Download/iith/vaman/Assignment-9/codes/GCC_Project/output/cli_stdcmds.o
LOAD /sdcard/Download/iith/vaman/Assignment-9/codes/GCC_Project/output/crc16.o
LOAD /sdcard/Download/iith/vaman/Assignment-9/codes/GCC_Project/output/crc32.o
LOAD /sdcard/Download/iith/vaman/Assignment-9/codes/GCC_Project/output/croutine.o
LOAD /sdcard/Download/iith/vaman/Assignment-9/codes/GCC_Project/output/dbg_bufferedprinttask.o
LOAD /sdcard/Download/iith/vaman/Assignment-9/codes/GCC_Project/output/dbg_queue_monitor.o
LOAD /sdcard/Download/iith/vaman/Assignment-9/codes/GCC_Project/output/dbg_uart.o
LOAD /sdcard/Download/iith/vaman/Assignment-9/codes/GCC_Project/output/dbgtrace.o
LOAD /sdcard/Download/iith/vaman/Assignment-9/codes/GCC_Project/output/eoss3_hal_adc.o
LOAD /sdcard/Download/iith/vaman/Assignment-9/codes/GCC_Project/output/eoss3_hal_gpio.o
LOAD /sdcard/Download/iith/vaman/Assignment-9/codes/GCC_Project/output/eoss3_hal_i2c.o
LOAD /sdcard/Download/iith/vaman/Assignment-9/codes/GCC_Project/output/eoss3_hal_i2s.o
LOAD /sdcard/Download/iith/vaman/Assignment-9/codes/GCC_Project/output/eoss3_hal_i2s_slave_assp.o
LOAD /sdcard/Download/iith/vaman/Assignment-9/codes/GCC_Project/output/eoss3_hal_pad_config.o
LOAD /sdcard/Download/iith/vaman/Assignment-9/codes/GCC_Project/output/eoss3_hal_pkfb.o
LOAD /sdcard/Download/iith/vaman/Assignment-9/codes/GCC_Project/output/eoss3_hal_rtc.o
LOAD /sdcard/Download/iith/vaman/Assignment-9/codes/GCC_Project/output/eoss3_hal_sdma.o
LOAD /sdcard/Download/iith/vaman/Assignment-9/codes/GCC_Project/output/eoss3_hal_spi.o
LOAD /sdcard/Download/iith/vaman/Assignment-9/codes/GCC_Project/output/eoss3_hal_timer.o
LOAD /sdcard/Download/iith/vaman/Assignment-9/codes/GCC_Project/output/eoss3_hal_uart.o
LOAD /sdcard/Download/iith/vaman/Assignment-9/codes/GCC_Project/output/eoss3_hal_wb.o
LOAD /sdcard/Download/iith/vaman/Assignment-9/codes/GCC_Project/output/eoss3_hal_wdt.o
LOAD /sdcard/Download/iith/vaman/Assignment-9/codes/GCC_Project/output/event_groups.o
LOAD /sdcard/Download/iith/vaman/Assignment-9/codes/GCC_Project/output/exceptions.o
LOAD /sdcard/Download/iith/vaman/Assignment-9/codes/GCC_Project/output/freertos_static_memory.o
LOAD /sdcard/Download/iith/vaman/Assignment-9/codes/GCC_Project/output/heap_4.o
LOAD /sdcard/Download/iith/vaman/Assignment-9/codes/GCC_Project/output/hearable_pwrcfg.o
LOAD /sdcard/Download/iith/vaman/Assignment-9/codes/GCC_Project/output/leds.o
LOAD /sdcard/Download/iith/vaman/Assignment-9/codes/GCC_Project/output/list.o
LOAD /sdcard/Download/iith/vaman/Assignment-9/codes/GCC_Project/output/main.o
LOAD /sdcard/Download/iith/vaman/Assignment-9/codes/GCC_Project/output/main_dbg_cli_menu.o
LOAD /sdcard/Download/iith/vaman/Assignment-9/codes/GCC_Project/output/pincfg_table.o
LOAD /sdcard/Download/iith/vaman/Assignment-9/codes/GCC_Project/output/port.o
LOAD /sdcard/Download/iith/vaman/Assignment-9/codes/GCC_Project/output/qf_baremetalsetup.o
LOAD /sdcard/Download/iith/vaman/Assignment-9/codes/GCC_Project/output/qf_hardwaresetup.o
LOAD /sdcard/Download/iith/vaman/Assignment-9/codes/GCC_Project/output/ql_base64.o
LOAD /sdcard/Download/iith/vaman/Assignment-9/codes/GCC_Project/output/ql_stackwatermark.o
LOAD /sdcard/Download/iith/vaman/Assignment-9/codes/GCC_Project/output/ql_test_signals.o
LOAD /sdcard/Download/iith/vaman/Assignment-9/codes/GCC_Project/output/ql_time.o
LOAD /sdcard/Download/iith/vaman/Assignment-9/codes/GCC_Project/output/queue.o
LOAD /sdcard/Download/iith/vaman/Assignment-9/codes/GCC_Project/output/s3x_clock.o
LOAD /sdcard/Download/iith/vaman/Assignment-9/codes/GCC_Project/output/s3x_clock_hal.o
LOAD /sdcard/Download/iith/vaman/Assignment-9/codes/GCC_Project/output/s3x_cpuload.o
LOAD /sdcard/Download/iith/vaman/Assignment-9/codes/GCC_Project/output/s3x_dfs.o
LOAD /sdcard/Download/iith/vaman/Assignment-9/codes/GCC_Project/output/s3x_lpm.o
LOAD /sdcard/Download/iith/vaman/Assignment-9/codes/GCC_Project/output/s3x_pi.o
LOAD /sdcard/Download/iith/vaman/Assignment-9/codes/GCC_Project/output/s3x_pwrcfg.o
LOAD /sdcard/Download/iith/vaman/Assignment-9/codes/GCC_Project/output/s3x_qos.o
LOAD /sdcard/Download/iith/vaman/Assignment-9/codes/GCC_Project/output/sec_debug.o
LOAD /sdcard/Download/iith/vaman/Assignment-9/codes/GCC_Project/output/spi_flash.o
LOAD /sdcard/Download/iith/vaman/Assignment-9/codes/GCC_Project/output/startup_EOSS3B_GCC.o
LOAD /sdcard/Download/iith/vaman/Assignment-9/codes/GCC_Project/output/stream_buffer.o
LOAD /sdcard/Download/iith/vaman/Assignment-9/codes/GCC_Project/output/tasks.o
LOAD /sdcard/Download/iith/vaman/Assignment-9/codes/GCC_Project/output/timers.o
LOAD /sdcard/Download/iith/vaman/Assignment-9/codes/GCC_Project/output/vectors_CM4F_gcc.o
LOAD /sdcard/Download/iith/vaman/Assignment-9/codes/GCC_Project/output/watchdog.o
LOAD /usr/lib/gcc/arm-none-eabi/8.3.1/../../../arm-none-eabi/lib/thumb/v7e-m+fp/hard/libm.a
LOAD /data/data/com.termux/files/home/pygmy-dev/pygmy-sdk/Libraries/CMSIS/lib/GCC/libarm_cortexM4lf_math.a
START GROUP
LOAD /usr/lib/gcc/arm-none-eabi/8.3.1/thumb/v7e-m+fp/hard/libgcc.a
LOAD /usr/lib/gcc/arm-none-eabi/8.3.1/../../../arm-none-eabi/lib/thumb/v7e-m+fp/hard/libg_nano.a
LOAD /usr/lib/gcc/arm-none-eabi/8.3.1/../../../arm-none-eabi/lib/thumb/v7e-m+fp/hard/libc_nano.a
END GROUP
START GROUP
LOAD /usr/lib/gcc/arm-none-eabi/8.3.1/thumb/v7e-m+fp/hard/libgcc.a
LOAD /usr/lib/gcc/arm-none-eabi/8.3.1/../../../arm-none-eabi/lib/thumb/v7e-m+fp/hard/libc_nano.a
LOAD /usr/lib/gcc/arm-none-eabi/8.3.1/../../../arm-none-eabi/lib/thumb/v7e-m+fp/hard/libnosys.a
END GROUP
START GROUP
LOAD /usr/lib/gcc/arm-none-eabi/8.3.1/thumb/v7e-m+fp/hard/libgcc.a
LOAD /usr/lib/gcc/arm-none-eabi/8.3.1/../../../arm-none-eabi/lib/thumb/v7e-m+fp/hard/libc_nano.a
LOAD /usr/lib/gcc/arm-none-eabi/8.3.1/../../../arm-none-eabi/lib/thumb/v7e-m+fp/hard/libnosys.a
END GROUP
LOAD /usr/lib/gcc/arm-none-eabi/8.3.1/thumb/v7e-m+fp/hard/crtend.o
LOAD /usr/lib/gcc/arm-none-eabi/8.3.1/thumb/v7e-m+fp/hard/crtn.o

.text           0x0000000000000000     0x8add
 *(.isr_vector)
 .isr_vector    0x0000000000000000      0x124 /sdcard/Download/iith/vaman/Assignment-9/codes/GCC_Project/output/vectors_CM4F_gcc.o
                0x0000000000000000                __Vectors
 *(.text*)
 .text          0x0000000000000124       0x88 /usr/lib/gcc/arm-none-eabi/8.3.1/thumb/v7e-m+fp/hard/crtbegin.o
 .text          0x00000000000001ac       0x70 /usr/lib/gcc/arm-none-eabi/8.3.1/../../../arm-none-eabi/lib/thumb/v7e-m+fp/hard/crt0.o
                0x00000000000001ac                _stack_init
                0x00000000000001b4                _mainCRTStartup
                0x00000000000001b4                _start
 .text._write   0x000000000000021c        0xe /sdcard/Download/iith/vaman/Assignment-9/codes/GCC_Project/output/c_lib_retarget.o
                0x000000000000021c                _write
 .text._close   0x000000000000022a        0x6 /sdcard/Download/iith/vaman/Assignment-9/codes/GCC_Project/output/c_lib_retarget.o
                0x000000000000022a                _close
 .text._lseek   0x0000000000000230        0x4 /sdcard/Download/iith/vaman/Assignment-9/codes/GCC_Project/output/c_lib_retarget.o
                0x0000000000000230                _lseek
 .text._read    0x0000000000000234        0x4 /sdcard/Download/iith/vaman/Assignment-9/codes/GCC_Project/output/c_lib_retarget.o
                0x0000000000000234                _read
 .text.do_str_fetch
                0x0000000000000238       0x38 /sdcard/Download/iith/vaman/Assignment-9/codes/GCC_Project/output/cli_args.o
 .text.CLI_string_ptr_get_subcmd
                0x0000000000000270       0x20 /sdcard/Download/iith/vaman/Assignment-9/codes/GCC_Project/output/cli_args.o
                0x0000000000000270                CLI_string_ptr_get_subcmd
 .text.CLI_numX_getshow_X
                0x0000000000000290      0x188 /sdcard/Download/iith/vaman/Assignment-9/codes/GCC_Project/output/cli_args.o
                0x0000000000000290                CLI_numX_getshow_X
 .text.CLI_uint8_getshow
                0x0000000000000418        0x8 /sdcard/Download/iith/vaman/Assignment-9/codes/GCC_Project/output/cli_args.o
                0x0000000000000418                CLI_uint8_getshow
 .text.append_key
                0x0000000000000420       0x30 /sdcard/Download/iith/vaman/Assignment-9/codes/GCC_Project/output/cli_io.o
 .text.get_key_ignore_null
                0x0000000000000450       0x18 /sdcard/Download/iith/vaman/Assignment-9/codes/GCC_Project/output/cli_io.o
 .text.CLI_getkey_peek
                0x0000000000000468      0x110 /sdcard/Download/iith/vaman/Assignment-9/codes/GCC_Project/output/cli_io.o
                0x0000000000000468                CLI_getkey_peek
 .text.CLI_getkey
                0x0000000000000578       0x30 /sdcard/Download/iith/vaman/Assignment-9/codes/GCC_Project/output/cli_io.o
                0x0000000000000578                CLI_getkey
 .text.CLI_col0_timestamp
                0x00000000000005a8       0x78 /sdcard/Download/iith/vaman/Assignment-9/codes/GCC_Project/output/cli_io.o
                0x00000000000005a8                CLI_col0_timestamp
 .text.CLI_putc
                0x0000000000000620       0x4c /sdcard/Download/iith/vaman/Assignment-9/codes/GCC_Project/output/cli_io.o
                0x0000000000000620                CLI_putc
 .text.CLI_puts_no_nl
                0x000000000000066c       0x12 /sdcard/Download/iith/vaman/Assignment-9/codes/GCC_Project/output/cli_io.o
                0x000000000000066c                CLI_puts_no_nl
 *fill*         0x000000000000067e        0x2 
 .text.CLI_vprintf
                0x0000000000000680       0x24 /sdcard/Download/iith/vaman/Assignment-9/codes/GCC_Project/output/cli_io.o
                0x0000000000000680                CLI_vprintf
 .text.CLI_printf
                0x00000000000006a4       0x1a /sdcard/Download/iith/vaman/Assignment-9/codes/GCC_Project/output/cli_io.o
                0x00000000000006a4                CLI_printf
 *fill*         0x00000000000006be        0x2 
 .text.handle_help
                0x00000000000006c0       0xc4 /sdcard/Download/iith/vaman/Assignment-9/codes/GCC_Project/output/cli_loop.o
 .text.CLI_cmd_stack_replace
                0x0000000000000784       0x10 /sdcard/Download/iith/vaman/Assignment-9/codes/GCC_Project/output/cli_loop.o
                0x0000000000000784                CLI_cmd_stack_replace
 .text.CLI_cmd_stack_push
                0x0000000000000794       0x30 /sdcard/Download/iith/vaman/Assignment-9/codes/GCC_Project/output/cli_loop.o
                0x0000000000000794                CLI_cmd_stack_push
 .text.CLI_cmd_stack_clear
                0x00000000000007c4       0x24 /sdcard/Download/iith/vaman/Assignment-9/codes/GCC_Project/output/cli_loop.o
                0x00000000000007c4                CLI_cmd_stack_clear
 .text.CLI_cmd_stack_pop
                0x00000000000007e8       0x40 /sdcard/Download/iith/vaman/Assignment-9/codes/GCC_Project/output/cli_loop.o
                0x00000000000007e8                CLI_cmd_stack_pop
 .text.handle_exit
                0x0000000000000828       0x1c /sdcard/Download/iith/vaman/Assignment-9/codes/GCC_Project/output/cli_loop.o
 .text.CLI_init
                0x0000000000000844       0x24 /sdcard/Download/iith/vaman/Assignment-9/codes/GCC_Project/output/cli_loop.o
                0x0000000000000844                CLI_init
 .text.CLI_print_prompt
                0x0000000000000868       0x44 /sdcard/Download/iith/vaman/Assignment-9/codes/GCC_Project/output/cli_loop.o
                0x0000000000000868                CLI_print_prompt
 .text.CLI_dispatch_subcmd
                0x00000000000008ac       0x84 /sdcard/Download/iith/vaman/Assignment-9/codes/GCC_Project/output/cli_loop.o
                0x00000000000008ac                CLI_dispatch_subcmd
 .text.CLI_dispatch
                0x0000000000000930       0xc0 /sdcard/Download/iith/vaman/Assignment-9/codes/GCC_Project/output/cli_loop.o
 .text.CLI_submenu_handler
                0x00000000000009f0       0x30 /sdcard/Download/iith/vaman/Assignment-9/codes/GCC_Project/output/cli_loop.o
                0x00000000000009f0                CLI_submenu_handler
 .text.CLI_verror
                0x0000000000000a20       0x40 /sdcard/Download/iith/vaman/Assignment-9/codes/GCC_Project/output/cli_loop.o
                0x0000000000000a20                CLI_verror
 .text.CLI_rx_byte
                0x0000000000000a60       0xe8 /sdcard/Download/iith/vaman/Assignment-9/codes/GCC_Project/output/cli_loop.o
                0x0000000000000a60                CLI_rx_byte
 .text.CLI_is_more_args
                0x0000000000000b48       0x14 /sdcard/Download/iith/vaman/Assignment-9/codes/GCC_Project/output/cli_misc.o
                0x0000000000000b48                CLI_is_more_args
 .text.CLI_error
                0x0000000000000b5c       0x1a /sdcard/Download/iith/vaman/Assignment-9/codes/GCC_Project/output/cli_misc.o
                0x0000000000000b5c                CLI_error
 *fill*         0x0000000000000b76        0x2 
 .text.CLI_error_missing_parameter
                0x0000000000000b78        0xc /sdcard/Download/iith/vaman/Assignment-9/codes/GCC_Project/output/cli_misc.o
                0x0000000000000b78                CLI_error_missing_parameter
 .text.CLI_error_not_a_number
                0x0000000000000b84       0x10 /sdcard/Download/iith/vaman/Assignment-9/codes/GCC_Project/output/cli_misc.o
                0x0000000000000b84                CLI_error_not_a_number
 .text.CLI_task
                0x0000000000000b94       0x54 /sdcard/Download/iith/vaman/Assignment-9/codes/GCC_Project/output/cli_platform.o
                0x0000000000000b94                CLI_task
 .text.CLI_time_now
                0x0000000000000be8        0x4 /sdcard/Download/iith/vaman/Assignment-9/codes/GCC_Project/output/cli_platform.o
                0x0000000000000be8                CLI_time_now
 .text.CLI_beep
                0x0000000000000bec        0x6 /sdcard/Download/iith/vaman/Assignment-9/codes/GCC_Project/output/cli_platform.o
                0x0000000000000bec                CLI_beep
 .text.CLI_timeout_expired
                0x0000000000000bf2       0x22 /sdcard/Download/iith/vaman/Assignment-9/codes/GCC_Project/output/cli_platform.o
                0x0000000000000bf2                CLI_timeout_expired
 .text.CLI_putc_raw
                0x0000000000000c14        0x8 /sdcard/Download/iith/vaman/Assignment-9/codes/GCC_Project/output/cli_platform.o
                0x0000000000000c14                CLI_putc_raw
 .text.CLI_getkey_raw
                0x0000000000000c1c       0x3c /sdcard/Download/iith/vaman/Assignment-9/codes/GCC_Project/output/cli_platform.o
                0x0000000000000c1c                CLI_getkey_raw
 .text.CLI_start_task
                0x0000000000000c58       0x58 /sdcard/Download/iith/vaman/Assignment-9/codes/GCC_Project/output/cli_platform.o
                0x0000000000000c58                CLI_start_task
 .text.__debug_lockup
                0x0000000000000cb0       0x14 /sdcard/Download/iith/vaman/Assignment-9/codes/GCC_Project/output/dbg_uart.o
 .text._semihost_write
                0x0000000000000cc4       0x54 /sdcard/Download/iith/vaman/Assignment-9/codes/GCC_Project/output/dbg_uart.o
                0x0000000000000cc4                _semihost_write
 .text.dbg_ch_raw
                0x0000000000000d18       0x74 /sdcard/Download/iith/vaman/Assignment-9/codes/GCC_Project/output/dbg_uart.o
                0x0000000000000d18                dbg_ch_raw
 .text.dbg_nl   0x0000000000000d8c       0x12 /sdcard/Download/iith/vaman/Assignment-9/codes/GCC_Project/output/dbg_uart.o
                0x0000000000000d8c                dbg_nl
 .text.dbg_ch   0x0000000000000d9e        0xc /sdcard/Download/iith/vaman/Assignment-9/codes/GCC_Project/output/dbg_uart.o
                0x0000000000000d9e                dbg_ch
 .text.dbg_hex4
                0x0000000000000daa       0x14 /sdcard/Download/iith/vaman/Assignment-9/codes/GCC_Project/output/dbg_uart.o
 .text.dbg_hex8
                0x0000000000000dbe       0x14 /sdcard/Download/iith/vaman/Assignment-9/codes/GCC_Project/output/dbg_uart.o
                0x0000000000000dbe                dbg_hex8
 .text.dbg_hex16
                0x0000000000000dd2       0x14 /sdcard/Download/iith/vaman/Assignment-9/codes/GCC_Project/output/dbg_uart.o
                0x0000000000000dd2                dbg_hex16
 .text.dbg_hex32
                0x0000000000000de6       0x14 /sdcard/Download/iith/vaman/Assignment-9/codes/GCC_Project/output/dbg_uart.o
                0x0000000000000de6                dbg_hex32
 .text._dbg_int
                0x0000000000000dfa       0x20 /sdcard/Download/iith/vaman/Assignment-9/codes/GCC_Project/output/dbg_uart.o
 .text.dbg_memdumpx
                0x0000000000000e1a       0xea /sdcard/Download/iith/vaman/Assignment-9/codes/GCC_Project/output/dbg_uart.o
 .text.dbg_str  0x0000000000000f04       0x84 /sdcard/Download/iith/vaman/Assignment-9/codes/GCC_Project/output/dbg_uart.o
                0x0000000000000f04                dbg_str
 .text._dbg_str_xxx
                0x0000000000000f88       0x16 /sdcard/Download/iith/vaman/Assignment-9/codes/GCC_Project/output/dbg_uart.o
 .text.dbg_str_hexXX
                0x0000000000000f9e       0x22 /sdcard/Download/iith/vaman/Assignment-9/codes/GCC_Project/output/dbg_uart.o
 .text.dbg_int  0x0000000000000fc0       0x24 /sdcard/Download/iith/vaman/Assignment-9/codes/GCC_Project/output/dbg_uart.o
                0x0000000000000fc0                dbg_int
 .text.dbg_str_str
                0x0000000000000fe4       0x16 /sdcard/Download/iith/vaman/Assignment-9/codes/GCC_Project/output/dbg_uart.o
                0x0000000000000fe4                dbg_str_str
 .text.dbg_str_int
                0x0000000000000ffa       0x16 /sdcard/Download/iith/vaman/Assignment-9/codes/GCC_Project/output/dbg_uart.o
                0x0000000000000ffa                dbg_str_int
 .text.dbg_str_hex32
                0x0000000000001010        0xc /sdcard/Download/iith/vaman/Assignment-9/codes/GCC_Project/output/dbg_uart.o
                0x0000000000001010                dbg_str_hex32
 .text.dbg_fatal_error
                0x000000000000101c       0x12 /sdcard/Download/iith/vaman/Assignment-9/codes/GCC_Project/output/dbg_uart.o
                0x000000000000101c                dbg_fatal_error
 .text.dbg_fatal_error_int
                0x000000000000102e        0xe /sdcard/Download/iith/vaman/Assignment-9/codes/GCC_Project/output/dbg_uart.o
                0x000000000000102e                dbg_fatal_error_int
 .text.dbg_memdump32
                0x000000000000103c       0x1e /sdcard/Download/iith/vaman/Assignment-9/codes/GCC_Project/output/dbg_uart.o
                0x000000000000103c                dbg_memdump32
 *fill*         0x000000000000105a        0x2 
 .text.HAL_GPIO_Write
                0x000000000000105c       0x28 /sdcard/Download/iith/vaman/Assignment-9/codes/GCC_Project/output/eoss3_hal_gpio.o
                0x000000000000105c                HAL_GPIO_Write
 .text.HAL_PAD_Config
                0x0000000000001084      0x190 /sdcard/Download/iith/vaman/Assignment-9/codes/GCC_Project/output/eoss3_hal_pad_config.o
                0x0000000000001084                HAL_PAD_Config
 .text.configure_s3_pads
                0x0000000000001214       0x1a /sdcard/Download/iith/vaman/Assignment-9/codes/GCC_Project/output/eoss3_hal_pad_config.o
                0x0000000000001214                configure_s3_pads
 *fill*         0x000000000000122e        0x2 
 .text.eoss3_rtc_enable_irq
                0x0000000000001230       0x28 /sdcard/Download/iith/vaman/Assignment-9/codes/GCC_Project/output/eoss3_hal_rtc.o
 .text.write_rtc_reg
                0x0000000000001258       0x18 /sdcard/Download/iith/vaman/Assignment-9/codes/GCC_Project/output/eoss3_hal_rtc.o
 .text.__rtc_setup_alarm.isra.0
                0x0000000000001270       0x44 /sdcard/Download/iith/vaman/Assignment-9/codes/GCC_Project/output/eoss3_hal_rtc.o
 .text.HAL_RTC_ISR
                0x00000000000012b4       0x24 /sdcard/Download/iith/vaman/Assignment-9/codes/GCC_Project/output/eoss3_hal_rtc.o
                0x00000000000012b4                HAL_RTC_ISR
 .text.unlock_spi1_bus
                0x00000000000012d8       0x58 /sdcard/Download/iith/vaman/Assignment-9/codes/GCC_Project/output/eoss3_hal_spi.o
                0x00000000000012d8                unlock_spi1_bus
 .text.SPI_DMA_Complete
                0x0000000000001330       0x88 /sdcard/Download/iith/vaman/Assignment-9/codes/GCC_Project/output/eoss3_hal_spi.o
                0x0000000000001330                SPI_DMA_Complete
 .text.HAL_SPI_IRQHandler
                0x00000000000013b8       0x6c /sdcard/Download/iith/vaman/Assignment-9/codes/GCC_Project/output/eoss3_hal_spi.o
                0x00000000000013b8                HAL_SPI_IRQHandler
 .text.HAL_Delay_Init
                0x0000000000001424       0x54 /sdcard/Download/iith/vaman/Assignment-9/codes/GCC_Project/output/eoss3_hal_timer.o
                0x0000000000001424                HAL_Delay_Init
 .text.HAL_Timer_ISR
                0x0000000000001478       0x88 /sdcard/Download/iith/vaman/Assignment-9/codes/GCC_Project/output/eoss3_hal_timer.o
                0x0000000000001478                HAL_Timer_ISR
 .text.uart_baud_rate
                0x0000000000001500       0x60 /sdcard/Download/iith/vaman/Assignment-9/codes/GCC_Project/output/eoss3_hal_uart.o
 .text.is_hw_uart_enabled
                0x0000000000001560       0x20 /sdcard/Download/iith/vaman/Assignment-9/codes/GCC_Project/output/eoss3_hal_uart.o
 .text.uart_disable
                0x0000000000001580       0x1c /sdcard/Download/iith/vaman/Assignment-9/codes/GCC_Project/output/eoss3_hal_uart.o
 .text.uart_lpm_callback
                0x000000000000159c       0x70 /sdcard/Download/iith/vaman/Assignment-9/codes/GCC_Project/output/eoss3_hal_uart.o
 .text.uart_init
                0x000000000000160c      0x168 /sdcard/Download/iith/vaman/Assignment-9/codes/GCC_Project/output/eoss3_hal_uart.o
                0x000000000000160c                uart_init
 .text.uart_isr_handler
                0x0000000000001774       0x84 /sdcard/Download/iith/vaman/Assignment-9/codes/GCC_Project/output/eoss3_hal_uart.o
                0x0000000000001774                uart_isr_handler
 .text.uart_tx_raw
                0x00000000000017f8       0x38 /sdcard/Download/iith/vaman/Assignment-9/codes/GCC_Project/output/eoss3_hal_uart.o
                0x00000000000017f8                uart_tx_raw
 .text.uart_tx  0x0000000000001830       0x1c /sdcard/Download/iith/vaman/Assignment-9/codes/GCC_Project/output/eoss3_hal_uart.o
                0x0000000000001830                uart_tx
 .text.uart_tx_buf
                0x000000000000184c       0x1a /sdcard/Download/iith/vaman/Assignment-9/codes/GCC_Project/output/eoss3_hal_uart.o
                0x000000000000184c                uart_tx_buf
 *fill*         0x0000000000001866        0x2 
 .text.uart_rx_wait
                0x0000000000001868       0x34 /sdcard/Download/iith/vaman/Assignment-9/codes/GCC_Project/output/eoss3_hal_uart.o
                0x0000000000001868                uart_rx_wait
 .text.uart_rx_available
                0x000000000000189c       0x34 /sdcard/Download/iith/vaman/Assignment-9/codes/GCC_Project/output/eoss3_hal_uart.o
                0x000000000000189c                uart_rx_available
 .text.uart_rx  0x00000000000018d0       0x60 /sdcard/Download/iith/vaman/Assignment-9/codes/GCC_Project/output/eoss3_hal_uart.o
                0x00000000000018d0                uart_rx
 .text.WDT_ISR  0x0000000000001930       0x8c /sdcard/Download/iith/vaman/Assignment-9/codes/GCC_Project/output/eoss3_hal_wdt.o
                0x0000000000001930                WDT_ISR
 .text.spurious_interrupt
                0x00000000000019bc        0xc /sdcard/Download/iith/vaman/Assignment-9/codes/GCC_Project/output/exceptions.o
 .text.prvGetRegistersFromStack
                0x00000000000019c8       0xf0 /sdcard/Download/iith/vaman/Assignment-9/codes/GCC_Project/output/exceptions.o
                0x00000000000019c8                prvGetRegistersFromStack
 .text.HardFault_Handler
                0x0000000000001ab8       0x16 /sdcard/Download/iith/vaman/Assignment-9/codes/GCC_Project/output/exceptions.o
                0x0000000000001ab8                HardFault_Handler
 .text.NMI_Handler
                0x0000000000001ace        0x6 /sdcard/Download/iith/vaman/Assignment-9/codes/GCC_Project/output/exceptions.o
                0x0000000000001ace                NMI_Handler
 .text.MemManage_Handler
                0x0000000000001ad4        0x6 /sdcard/Download/iith/vaman/Assignment-9/codes/GCC_Project/output/exceptions.o
                0x0000000000001ad4                MemManage_Handler
 .text.BusFault_Handler
                0x0000000000001ada        0x6 /sdcard/Download/iith/vaman/Assignment-9/codes/GCC_Project/output/exceptions.o
                0x0000000000001ada                BusFault_Handler
 .text.UsageFault_Handler
                0x0000000000001ae0        0x6 /sdcard/Download/iith/vaman/Assignment-9/codes/GCC_Project/output/exceptions.o
                0x0000000000001ae0                UsageFault_Handler
 .text.DebugMon_Handler
                0x0000000000001ae6        0x6 /sdcard/Download/iith/vaman/Assignment-9/codes/GCC_Project/output/exceptions.o
                0x0000000000001ae6                DebugMon_Handler
 .text.Uart_Handler
                0x0000000000001aec       0x50 /sdcard/Download/iith/vaman/Assignment-9/codes/GCC_Project/output/exceptions.o
                0x0000000000001aec                Uart_Handler
 .text.Timer_Handler
                0x0000000000001b3c       0x24 /sdcard/Download/iith/vaman/Assignment-9/codes/GCC_Project/output/exceptions.o
                0x0000000000001b3c                Timer_Handler
 .text.CpuWdtInt_Handler
                0x0000000000001b60       0x24 /sdcard/Download/iith/vaman/Assignment-9/codes/GCC_Project/output/exceptions.o
                0x0000000000001b60                CpuWdtInt_Handler
 .text.CpuWdtRst_Handler
                0x0000000000001b84        0x6 /sdcard/Download/iith/vaman/Assignment-9/codes/GCC_Project/output/exceptions.o
                0x0000000000001b84                CpuWdtRst_Handler
 .text.BusTimeout_Handler
                0x0000000000001b8a        0x6 /sdcard/Download/iith/vaman/Assignment-9/codes/GCC_Project/output/exceptions.o
                0x0000000000001b8a                BusTimeout_Handler
 .text.Fpu_Handler
                0x0000000000001b90        0x6 /sdcard/Download/iith/vaman/Assignment-9/codes/GCC_Project/output/exceptions.o
                0x0000000000001b90                Fpu_Handler
 *fill*         0x0000000000001b96        0x2 
 .text.Pkfb_Handler
                0x0000000000001b98       0x10 /sdcard/Download/iith/vaman/Assignment-9/codes/GCC_Project/output/exceptions.o
                0x0000000000001b98                Pkfb_Handler
 .text.I2s_Handler
                0x0000000000001ba8        0x6 /sdcard/Download/iith/vaman/Assignment-9/codes/GCC_Project/output/exceptions.o
                0x0000000000001ba8                I2s_Handler
 .text.Audio_Handler
                0x0000000000001bae        0x6 /sdcard/Download/iith/vaman/Assignment-9/codes/GCC_Project/output/exceptions.o
                0x0000000000001bae                Audio_Handler
 .text.SpiMs_Handler
                0x0000000000001bb4       0x5c /sdcard/Download/iith/vaman/Assignment-9/codes/GCC_Project/output/exceptions.o
                0x0000000000001bb4                SpiMs_Handler
 .text.CfgDma_Handler
                0x0000000000001c10       0x28 /sdcard/Download/iith/vaman/Assignment-9/codes/GCC_Project/output/exceptions.o
                0x0000000000001c10                CfgDma_Handler
 .text.PmuTimer_Handler
                0x0000000000001c38        0x2 /sdcard/Download/iith/vaman/Assignment-9/codes/GCC_Project/output/exceptions.o
                0x0000000000001c38                PmuTimer_Handler
 .text.AdcDone_Handler
                0x0000000000001c3a        0x8 /sdcard/Download/iith/vaman/Assignment-9/codes/GCC_Project/output/exceptions.o
                0x0000000000001c3a                AdcDone_Handler
 *fill*         0x0000000000001c42        0x2 
 .text.RtcAlarm_Handler
                0x0000000000001c44       0x1c /sdcard/Download/iith/vaman/Assignment-9/codes/GCC_Project/output/exceptions.o
                0x0000000000001c44                RtcAlarm_Handler
 .text.ResetInt_Handler
                0x0000000000001c60        0x8 /sdcard/Download/iith/vaman/Assignment-9/codes/GCC_Project/output/exceptions.o
                0x0000000000001c60                ResetInt_Handler
 .text.Ffe0_Handler
                0x0000000000001c68       0x18 /sdcard/Download/iith/vaman/Assignment-9/codes/GCC_Project/output/exceptions.o
                0x0000000000001c68                Ffe0_Handler
 .text.FbMsg_Handler
                0x0000000000001c80       0x6c /sdcard/Download/iith/vaman/Assignment-9/codes/GCC_Project/output/exceptions.o
                0x0000000000001c80                FbMsg_Handler
 .text.SensorGpio_Handler
                0x0000000000001cec        0x8 /sdcard/Download/iith/vaman/Assignment-9/codes/GCC_Project/output/exceptions.o
                0x0000000000001cec                SensorGpio_Handler
 .text.M4SramSleep_Handler
                0x0000000000001cf4        0x8 /sdcard/Download/iith/vaman/Assignment-9/codes/GCC_Project/output/exceptions.o
                0x0000000000001cf4                M4SramSleep_Handler
 .text.LDO30_PG_Handler
                0x0000000000001cfc        0x8 /sdcard/Download/iith/vaman/Assignment-9/codes/GCC_Project/output/exceptions.o
                0x0000000000001cfc                LDO30_PG_Handler
 .text.LDO50_PG_Handler
                0x0000000000001d04        0x8 /sdcard/Download/iith/vaman/Assignment-9/codes/GCC_Project/output/exceptions.o
                0x0000000000001d04                LDO50_PG_Handler
 .text.DMIC_Voice_Det_Handler
                0x0000000000001d0c        0x8 /sdcard/Download/iith/vaman/Assignment-9/codes/GCC_Project/output/exceptions.o
                0x0000000000001d0c                DMIC_Voice_Det_Handler
 .text.ApPDMClkOn_Handler
                0x0000000000001d14        0x8 /sdcard/Download/iith/vaman/Assignment-9/codes/GCC_Project/output/exceptions.o
                0x0000000000001d14                ApPDMClkOn_Handler
 .text.ApPDMClkOff_Handler
                0x0000000000001d1c        0x8 /sdcard/Download/iith/vaman/Assignment-9/codes/GCC_Project/output/exceptions.o
                0x0000000000001d1c                ApPDMClkOff_Handler
 .text.Dmac0BlkDone_Handler
                0x0000000000001d24        0x8 /sdcard/Download/iith/vaman/Assignment-9/codes/GCC_Project/output/exceptions.o
                0x0000000000001d24                Dmac0BlkDone_Handler
 .text.Dmac0BufDone_Handler
                0x0000000000001d2c        0x8 /sdcard/Download/iith/vaman/Assignment-9/codes/GCC_Project/output/exceptions.o
                0x0000000000001d2c                Dmac0BufDone_Handler
 .text.Dmac1BlkDone_Handler
                0x0000000000001d34        0x8 /sdcard/Download/iith/vaman/Assignment-9/codes/GCC_Project/output/exceptions.o
                0x0000000000001d34                Dmac1BlkDone_Handler
 .text.Dmac1BufDone_Handler
                0x0000000000001d3c        0x8 /sdcard/Download/iith/vaman/Assignment-9/codes/GCC_Project/output/exceptions.o
                0x0000000000001d3c                Dmac1BufDone_Handler
 .text.Sdma0Done_Handler
                0x0000000000001d44        0x8 /sdcard/Download/iith/vaman/Assignment-9/codes/GCC_Project/output/exceptions.o
                0x0000000000001d44                Sdma0Done_Handler
 .text.Sdma1Done_Handler
                0x0000000000001d4c        0x8 /sdcard/Download/iith/vaman/Assignment-9/codes/GCC_Project/output/exceptions.o
                0x0000000000001d4c                Sdma1Done_Handler
 .text.Sdma2Done_Handler
                0x0000000000001d54        0x8 /sdcard/Download/iith/vaman/Assignment-9/codes/GCC_Project/output/exceptions.o
                0x0000000000001d54                Sdma2Done_Handler
 .text.Sdma3Done_Handler
                0x0000000000001d5c        0x8 /sdcard/Download/iith/vaman/Assignment-9/codes/GCC_Project/output/exceptions.o
                0x0000000000001d5c                Sdma3Done_Handler
 .text.Sdma4Done_Handler
                0x0000000000001d64        0x8 /sdcard/Download/iith/vaman/Assignment-9/codes/GCC_Project/output/exceptions.o
                0x0000000000001d64                Sdma4Done_Handler
 .text.Sdma5Done_Handler
                0x0000000000001d6c        0x8 /sdcard/Download/iith/vaman/Assignment-9/codes/GCC_Project/output/exceptions.o
                0x0000000000001d6c                Sdma5Done_Handler
 .text.Sdma6Done_Handler
                0x0000000000001d74        0x8 /sdcard/Download/iith/vaman/Assignment-9/codes/GCC_Project/output/exceptions.o
                0x0000000000001d74                Sdma6Done_Handler
 .text.Sdma7Done_Handler
                0x0000000000001d7c        0x8 /sdcard/Download/iith/vaman/Assignment-9/codes/GCC_Project/output/exceptions.o
                0x0000000000001d7c                Sdma7Done_Handler
 .text.Sdma8Done_Handler
                0x0000000000001d84        0x8 /sdcard/Download/iith/vaman/Assignment-9/codes/GCC_Project/output/exceptions.o
                0x0000000000001d84                Sdma8Done_Handler
 .text.Sdma9Done_Handler
                0x0000000000001d8c        0x8 /sdcard/Download/iith/vaman/Assignment-9/codes/GCC_Project/output/exceptions.o
                0x0000000000001d8c                Sdma9Done_Handler
 .text.Sdma10Done_Handler
                0x0000000000001d94        0x8 /sdcard/Download/iith/vaman/Assignment-9/codes/GCC_Project/output/exceptions.o
                0x0000000000001d94                Sdma10Done_Handler
 .text.Sdma11Done_Handler
                0x0000000000001d9c        0x8 /sdcard/Download/iith/vaman/Assignment-9/codes/GCC_Project/output/exceptions.o
                0x0000000000001d9c                Sdma11Done_Handler
 .text.SdmaErr_Handler
                0x0000000000001da4        0x8 /sdcard/Download/iith/vaman/Assignment-9/codes/GCC_Project/output/exceptions.o
                0x0000000000001da4                SdmaErr_Handler
 .text.I2S_SlvM4TxOr_Handler
                0x0000000000001dac        0x8 /sdcard/Download/iith/vaman/Assignment-9/codes/GCC_Project/output/exceptions.o
                0x0000000000001dac                I2S_SlvM4TxOr_Handler
 .text.SRAM_128KB_Handler
                0x0000000000001db4        0x8 /sdcard/Download/iith/vaman/Assignment-9/codes/GCC_Project/output/exceptions.o
                0x0000000000001db4                SRAM_128KB_Handler
 .text.LPSD_Voice_Det_Handler
                0x0000000000001dbc        0x8 /sdcard/Download/iith/vaman/Assignment-9/codes/GCC_Project/output/exceptions.o
                0x0000000000001dbc                LPSD_Voice_Det_Handler
 .text.FfeWdt_Handler
                0x0000000000001dc4        0x8 /sdcard/Download/iith/vaman/Assignment-9/codes/GCC_Project/output/exceptions.o
                0x0000000000001dc4                FfeWdt_Handler
 .text.ApBoot_Handler
                0x0000000000001dcc        0x8 /sdcard/Download/iith/vaman/Assignment-9/codes/GCC_Project/output/exceptions.o
                0x0000000000001dcc                ApBoot_Handler
 .text.SwInt2_Handler
                0x0000000000001dd4        0x8 /sdcard/Download/iith/vaman/Assignment-9/codes/GCC_Project/output/exceptions.o
                0x0000000000001dd4                SwInt2_Handler
 .text.SwInt1_Handler
                0x0000000000001ddc       0x24 /sdcard/Download/iith/vaman/Assignment-9/codes/GCC_Project/output/exceptions.o
                0x0000000000001ddc                SwInt1_Handler
 .text.Ffe0Msg_Handler
                0x0000000000001e00        0x8 /sdcard/Download/iith/vaman/Assignment-9/codes/GCC_Project/output/exceptions.o
                0x0000000000001e00                Ffe0Msg_Handler
 .text.lpsdVoiceOffHandler
                0x0000000000001e08        0x8 /sdcard/Download/iith/vaman/Assignment-9/codes/GCC_Project/output/exceptions.o
                0x0000000000001e08                lpsdVoiceOffHandler
 .text.dmicVoiceOffHandler
                0x0000000000001e10        0x8 /sdcard/Download/iith/vaman/Assignment-9/codes/GCC_Project/output/exceptions.o
                0x0000000000001e10                dmicVoiceOffHandler
 .text.vApplicationMallocFailedHook
                0x0000000000001e18       0x24 /sdcard/Download/iith/vaman/Assignment-9/codes/GCC_Project/output/exceptions.o
                0x0000000000001e18                vApplicationMallocFailedHook
 .text.vApplicationStackOverflowHook
                0x0000000000001e3c       0x24 /sdcard/Download/iith/vaman/Assignment-9/codes/GCC_Project/output/exceptions.o
                0x0000000000001e3c                vApplicationStackOverflowHook
 .text.vApplicationTickHook
                0x0000000000001e60        0x2 /sdcard/Download/iith/vaman/Assignment-9/codes/GCC_Project/output/exceptions.o
                0x0000000000001e60                vApplicationTickHook
 *fill*         0x0000000000001e62        0x2 
 .text.prvInsertBlockIntoFreeList
                0x0000000000001e64       0x74 /sdcard/Download/iith/vaman/Assignment-9/codes/GCC_Project/output/heap_4.o
 .text.pvPortMalloc
                0x0000000000001ed8      0x198 /sdcard/Download/iith/vaman/Assignment-9/codes/GCC_Project/output/heap_4.o
                0x0000000000001ed8                pvPortMalloc
 .text.vPortFree
                0x0000000000002070       0xa0 /sdcard/Download/iith/vaman/Assignment-9/codes/GCC_Project/output/heap_4.o
                0x0000000000002070                vPortFree
 .text.vListInitialise
                0x0000000000002110       0x16 /sdcard/Download/iith/vaman/Assignment-9/codes/GCC_Project/output/list.o
                0x0000000000002110                vListInitialise
 .text.vListInitialiseItem
                0x0000000000002126        0x6 /sdcard/Download/iith/vaman/Assignment-9/codes/GCC_Project/output/list.o
                0x0000000000002126                vListInitialiseItem
 .text.vListInsertEnd
                0x000000000000212c       0x18 /sdcard/Download/iith/vaman/Assignment-9/codes/GCC_Project/output/list.o
                0x000000000000212c                vListInsertEnd
 .text.vListInsert
                0x0000000000002144       0x2e /sdcard/Download/iith/vaman/Assignment-9/codes/GCC_Project/output/list.o
                0x0000000000002144                vListInsert
 .text.uxListRemove
                0x0000000000002172       0x20 /sdcard/Download/iith/vaman/Assignment-9/codes/GCC_Project/output/list.o
                0x0000000000002172                uxListRemove
 .text.SystemInit
                0x0000000000002192        0x2 /sdcard/Download/iith/vaman/Assignment-9/codes/GCC_Project/output/main.o
                0x0000000000002192                SystemInit
 .text.PyHal_GPIO_Set
                0x0000000000002194       0x34 /sdcard/Download/iith/vaman/Assignment-9/codes/GCC_Project/output/main.o
                0x0000000000002194                PyHal_GPIO_Set
 .text.decoder  0x00000000000021c8       0x5c /sdcard/Download/iith/vaman/Assignment-9/codes/GCC_Project/output/main.o
                0x00000000000021c8                decoder
 .text.decoder_setup
                0x0000000000002224       0x14 /sdcard/Download/iith/vaman/Assignment-9/codes/GCC_Project/output/main.o
                0x0000000000002224                decoder_setup
 .text.startup.main
                0x0000000000002238      0x10c /sdcard/Download/iith/vaman/Assignment-9/codes/GCC_Project/output/main.o
                0x0000000000002238                main
 .text.set_gpio_input
                0x0000000000002344       0x34 /sdcard/Download/iith/vaman/Assignment-9/codes/GCC_Project/output/main_dbg_cli_menu.o
 .text.set_gpio_output
                0x0000000000002378       0x60 /sdcard/Download/iith/vaman/Assignment-9/codes/GCC_Project/output/main_dbg_cli_menu.o
 .text.get_gpio_value
                0x00000000000023d8       0x50 /sdcard/Download/iith/vaman/Assignment-9/codes/GCC_Project/output/main_dbg_cli_menu.o
 .text.prvTaskExitError
                0x0000000000002428       0x50 /sdcard/Download/iith/vaman/Assignment-9/codes/GCC_Project/output/port.o
 .text.pxPortInitialiseStack
                0x0000000000002478       0x2c /sdcard/Download/iith/vaman/Assignment-9/codes/GCC_Project/output/port.o
                0x0000000000002478                pxPortInitialiseStack
 *fill*         0x00000000000024a4        0xc 
 .text.SVC_Handler
                0x00000000000024b0       0x24 /sdcard/Download/iith/vaman/Assignment-9/codes/GCC_Project/output/port.o
                0x00000000000024b0                SVC_Handler
 .text.vPortEnterCritical
                0x00000000000024d4       0x58 /sdcard/Download/iith/vaman/Assignment-9/codes/GCC_Project/output/port.o
                0x00000000000024d4                vPortEnterCritical
 .text.vPortExitCritical
                0x000000000000252c       0x3c /sdcard/Download/iith/vaman/Assignment-9/codes/GCC_Project/output/port.o
                0x000000000000252c                vPortExitCritical
 *fill*         0x0000000000002568        0x8 
 .text.PendSV_Handler
                0x0000000000002570       0x64 /sdcard/Download/iith/vaman/Assignment-9/codes/GCC_Project/output/port.o
                0x0000000000002570                PendSV_Handler
 .text.xPortSysTickHandler
                0x00000000000025d4       0x2c /sdcard/Download/iith/vaman/Assignment-9/codes/GCC_Project/output/port.o
                0x00000000000025d4                xPortSysTickHandler
 .text.vPortValidateInterruptPriority
                0x0000000000002600       0x7c /sdcard/Download/iith/vaman/Assignment-9/codes/GCC_Project/output/port.o
                0x0000000000002600                vPortValidateInterruptPriority
 .text.system_init
                0x000000000000267c       0x6c /sdcard/Download/iith/vaman/Assignment-9/codes/GCC_Project/output/qf_hardwaresetup.o
                0x000000000000267c                system_init
 .text.qf_hardwareSetup
                0x00000000000026e8       0x74 /sdcard/Download/iith/vaman/Assignment-9/codes/GCC_Project/output/qf_hardwaresetup.o
                0x00000000000026e8                qf_hardwareSetup
 .text.prvIsQueueEmpty
                0x000000000000275c       0x16 /sdcard/Download/iith/vaman/Assignment-9/codes/GCC_Project/output/queue.o
 .text.prvCopyDataToQueue
                0x0000000000002772       0x78 /sdcard/Download/iith/vaman/Assignment-9/codes/GCC_Project/output/queue.o
 .text.prvCopyDataFromQueue
                0x00000000000027ea       0x2a /sdcard/Download/iith/vaman/Assignment-9/codes/GCC_Project/output/queue.o
 .text.prvUnlockQueue
                0x0000000000002814       0x70 /sdcard/Download/iith/vaman/Assignment-9/codes/GCC_Project/output/queue.o
 .text.xQueueGenericReset
                0x0000000000002884       0x90 /sdcard/Download/iith/vaman/Assignment-9/codes/GCC_Project/output/queue.o
                0x0000000000002884                xQueueGenericReset
 .text.xQueueGenericCreate
                0x0000000000002914       0x74 /sdcard/Download/iith/vaman/Assignment-9/codes/GCC_Project/output/queue.o
                0x0000000000002914                xQueueGenericCreate
 .text.xQueueGenericSend
                0x0000000000002988      0x198 /sdcard/Download/iith/vaman/Assignment-9/codes/GCC_Project/output/queue.o
                0x0000000000002988                xQueueGenericSend
 .text.xQueueGenericSendFromISR
                0x0000000000002b20       0xf0 /sdcard/Download/iith/vaman/Assignment-9/codes/GCC_Project/output/queue.o
                0x0000000000002b20                xQueueGenericSendFromISR
 .text.xQueueGenericSendFromISRDebug
                0x0000000000002c10       0x30 /sdcard/Download/iith/vaman/Assignment-9/codes/GCC_Project/output/queue.o
                0x0000000000002c10                xQueueGenericSendFromISRDebug
 .text.xQueueGiveFromISR
                0x0000000000002c40       0xdc /sdcard/Download/iith/vaman/Assignment-9/codes/GCC_Project/output/queue.o
                0x0000000000002c40                xQueueGiveFromISR
 .text.xQueueReceive
                0x0000000000002d1c      0x160 /sdcard/Download/iith/vaman/Assignment-9/codes/GCC_Project/output/queue.o
                0x0000000000002d1c                xQueueReceive
 .text.xQueueSemaphoreTake
                0x0000000000002e7c      0x1b0 /sdcard/Download/iith/vaman/Assignment-9/codes/GCC_Project/output/queue.o
                0x0000000000002e7c                xQueueSemaphoreTake
 .text.xQueuePeek
                0x000000000000302c      0x160 /sdcard/Download/iith/vaman/Assignment-9/codes/GCC_Project/output/queue.o
                0x000000000000302c                xQueuePeek
 .text.uxQueueMessagesWaiting
                0x000000000000318c       0x38 /sdcard/Download/iith/vaman/Assignment-9/codes/GCC_Project/output/queue.o
                0x000000000000318c                uxQueueMessagesWaiting
 .text.vQueueAddToRegistry
                0x00000000000031c4       0x24 /sdcard/Download/iith/vaman/Assignment-9/codes/GCC_Project/output/queue.o
                0x00000000000031c4                vQueueAddToRegistry
 .text.s3x_clkd_write_div
                0x00000000000031e8       0xa8 /sdcard/Download/iith/vaman/Assignment-9/codes/GCC_Project/output/s3x_clock.o
 .text.s3x_clkd_read_div
                0x0000000000003290       0x44 /sdcard/Download/iith/vaman/Assignment-9/codes/GCC_Project/output/s3x_clock.o
 .text.s3x_clkd_cal_div.part.1
                0x00000000000032d4       0x30 /sdcard/Download/iith/vaman/Assignment-9/codes/GCC_Project/output/s3x_clock.o
 .text.S3x_Id_To_Domain
                0x0000000000003304       0x1c /sdcard/Download/iith/vaman/Assignment-9/codes/GCC_Project/output/s3x_clock.o
                0x0000000000003304                S3x_Id_To_Domain
 .text.s3x_clkd_update_div_val
                0x0000000000003320       0x4c /sdcard/Download/iith/vaman/Assignment-9/codes/GCC_Project/output/s3x_clock.o
                0x0000000000003320                s3x_clkd_update_div_val
 .text.s3x_clkd_update_fd_rate
                0x000000000000336c        0xe /sdcard/Download/iith/vaman/Assignment-9/codes/GCC_Project/output/s3x_clock.o
                0x000000000000336c                s3x_clkd_update_fd_rate
 *fill*         0x000000000000337a        0x2 
 .text.s3x_clkd_update_sd_div
                0x000000000000337c       0x5c /sdcard/Download/iith/vaman/Assignment-9/codes/GCC_Project/output/s3x_clock.o
 .text.s3x_clkd_update_all_src_div
                0x00000000000033d8       0xc8 /sdcard/Download/iith/vaman/Assignment-9/codes/GCC_Project/output/s3x_clock.o
                0x00000000000033d8                s3x_clkd_update_all_src_div
 .text.S3x_Clkd_Get_Hsosc_Rate
                0x00000000000034a0       0x34 /sdcard/Download/iith/vaman/Assignment-9/codes/GCC_Project/output/s3x_clock.o
                0x00000000000034a0                S3x_Clkd_Get_Hsosc_Rate
 .text.S3x_Clkd_Change_Hsosc
                0x00000000000034d4       0x70 /sdcard/Download/iith/vaman/Assignment-9/codes/GCC_Project/output/s3x_clock.o
                0x00000000000034d4                S3x_Clkd_Change_Hsosc
 .text.s3x_clkd_get_src_rate
                0x0000000000003544       0x12 /sdcard/Download/iith/vaman/Assignment-9/codes/GCC_Project/output/s3x_clock.o
                0x0000000000003544                s3x_clkd_get_src_rate
 *fill*         0x0000000000003556        0x2 
 .text.s3x_clkd_get_div
                0x0000000000003558       0x74 /sdcard/Download/iith/vaman/Assignment-9/codes/GCC_Project/output/s3x_clock.o
                0x0000000000003558                s3x_clkd_get_div
 .text.s3x_clkd_srate
                0x00000000000035cc      0x134 /sdcard/Download/iith/vaman/Assignment-9/codes/GCC_Project/output/s3x_clock.o
 .text.s3x_clkd_grate
                0x0000000000003700       0x68 /sdcard/Download/iith/vaman/Assignment-9/codes/GCC_Project/output/s3x_clock.o
 .text.s3x_clkd_set_src_div_st
                0x0000000000003768       0x4c /sdcard/Download/iith/vaman/Assignment-9/codes/GCC_Project/output/s3x_clock.o
 .text.s3x_update_clk_rate
                0x00000000000037b4       0xb0 /sdcard/Download/iith/vaman/Assignment-9/codes/GCC_Project/output/s3x_clock.o
                0x00000000000037b4                s3x_update_clk_rate
 .text.s3x_clkd_get_gate_mask_st
                0x0000000000003864       0x16 /sdcard/Download/iith/vaman/Assignment-9/codes/GCC_Project/output/s3x_clock.o
                0x0000000000003864                s3x_clkd_get_gate_mask_st
 *fill*         0x000000000000387a        0x2 
 .text.s3x_clkd_set_gate_mask
                0x000000000000387c       0x50 /sdcard/Download/iith/vaman/Assignment-9/codes/GCC_Project/output/s3x_clock.o
                0x000000000000387c                s3x_clkd_set_gate_mask
 .text.s3x_clkd_enable_gate
                0x00000000000038cc       0x68 /sdcard/Download/iith/vaman/Assignment-9/codes/GCC_Project/output/s3x_clock.o
 .text.s3x_clkd_disable_gate
                0x0000000000003934       0x54 /sdcard/Download/iith/vaman/Assignment-9/codes/GCC_Project/output/s3x_clock.o
 .text._S3x_Clk_Enable
                0x0000000000003988       0xb8 /sdcard/Download/iith/vaman/Assignment-9/codes/GCC_Project/output/s3x_clock.o
                0x0000000000003988                _S3x_Clk_Enable
 .text._S3x_Clk_Disable
                0x0000000000003a40       0xc8 /sdcard/Download/iith/vaman/Assignment-9/codes/GCC_Project/output/s3x_clock.o
                0x0000000000003a40                _S3x_Clk_Disable
 .text._S3x_Clk_Get_Status
                0x0000000000003b08       0x2c /sdcard/Download/iith/vaman/Assignment-9/codes/GCC_Project/output/s3x_clock.o
                0x0000000000003b08                _S3x_Clk_Get_Status
 .text._S3x_Clk_Get_Rate
                0x0000000000003b34       0x28 /sdcard/Download/iith/vaman/Assignment-9/codes/GCC_Project/output/s3x_clock.o
                0x0000000000003b34                _S3x_Clk_Get_Rate
 .text.S3x_Clk_Init
                0x0000000000003b5c      0x15c /sdcard/Download/iith/vaman/Assignment-9/codes/GCC_Project/output/s3x_clock.o
                0x0000000000003b5c                S3x_Clk_Init
 .text.S3x_Clk_Enable
                0x0000000000003cb8        0x4 /sdcard/Download/iith/vaman/Assignment-9/codes/GCC_Project/output/s3x_clock_hal.o
                0x0000000000003cb8                S3x_Clk_Enable
 .text.S3x_Clk_Disable
                0x0000000000003cbc        0x4 /sdcard/Download/iith/vaman/Assignment-9/codes/GCC_Project/output/s3x_clock_hal.o
                0x0000000000003cbc                S3x_Clk_Disable
 .text.S3x_Clk_Get_Rate
                0x0000000000003cc0        0x4 /sdcard/Download/iith/vaman/Assignment-9/codes/GCC_Project/output/s3x_clock_hal.o
                0x0000000000003cc0                S3x_Clk_Get_Rate
 .text.DFS_cpuload
                0x0000000000003cc4       0x4c /sdcard/Download/iith/vaman/Assignment-9/codes/GCC_Project/output/s3x_cpuload.o
                0x0000000000003cc4                DFS_cpuload
 .text.DFS_resetsleepticks
                0x0000000000003d10        0xc /sdcard/Download/iith/vaman/Assignment-9/codes/GCC_Project/output/s3x_cpuload.o
                0x0000000000003d10                DFS_resetsleepticks
 .text.DFS_UpdateTimer
                0x0000000000003d1c       0x5c /sdcard/Download/iith/vaman/Assignment-9/codes/GCC_Project/output/s3x_dfs.o
 .text.DFS_StartTimer
                0x0000000000003d78       0x88 /sdcard/Download/iith/vaman/Assignment-9/codes/GCC_Project/output/s3x_dfs.o
                0x0000000000003d78                DFS_StartTimer
 .text.S3x_Set_Policy
                0x0000000000003e00      0x108 /sdcard/Download/iith/vaman/Assignment-9/codes/GCC_Project/output/s3x_dfs.o
                0x0000000000003e00                S3x_Set_Policy
 .text.S3x_get_max_rate_dfs_node
                0x0000000000003f08       0x28 /sdcard/Download/iith/vaman/Assignment-9/codes/GCC_Project/output/s3x_dfs.o
                0x0000000000003f08                S3x_get_max_rate_dfs_node
 .text.S3x_Stepup_Policy
                0x0000000000003f30       0x78 /sdcard/Download/iith/vaman/Assignment-9/codes/GCC_Project/output/s3x_dfs.o
 .text.DFS_TimerCB
                0x0000000000003fa8        0xe /sdcard/Download/iith/vaman/Assignment-9/codes/GCC_Project/output/s3x_dfs.o
 *fill*         0x0000000000003fb6        0x2 
 .text.DFS_Get_Curr_Policy
                0x0000000000003fb8        0xc /sdcard/Download/iith/vaman/Assignment-9/codes/GCC_Project/output/s3x_dfs.o
                0x0000000000003fb8                DFS_Get_Curr_Policy
 .text.DFS_Initialize
                0x0000000000003fc4       0x14 /sdcard/Download/iith/vaman/Assignment-9/codes/GCC_Project/output/s3x_dfs.o
                0x0000000000003fc4                DFS_Initialize
 .text.S3x_Register_Lpm_Cb
                0x0000000000003fd8       0x40 /sdcard/Download/iith/vaman/Assignment-9/codes/GCC_Project/output/s3x_lpm.o
                0x0000000000003fd8                S3x_Register_Lpm_Cb
 .text.s3x_setup_systick_interrupt
                0x0000000000004018       0x54 /sdcard/Download/iith/vaman/Assignment-9/codes/GCC_Project/output/s3x_lpm.o
                0x0000000000004018                s3x_setup_systick_interrupt
 .text.SysTick_Handler
                0x000000000000406c       0x12 /sdcard/Download/iith/vaman/Assignment-9/codes/GCC_Project/output/s3x_lpm.o
                0x000000000000406c                SysTick_Handler
 *fill*         0x000000000000407e        0x2 
 .text.s3x_get_pi
                0x0000000000004080       0x20 /sdcard/Download/iith/vaman/Assignment-9/codes/GCC_Project/output/s3x_pi.o
                0x0000000000004080                s3x_get_pi
 .text.s3x_get_pi_gindex
                0x00000000000040a0       0x14 /sdcard/Download/iith/vaman/Assignment-9/codes/GCC_Project/output/s3x_pi.o
                0x00000000000040a0                s3x_get_pi_gindex
 .text.s3x_pi_get_st
                0x00000000000040b4       0x24 /sdcard/Download/iith/vaman/Assignment-9/codes/GCC_Project/output/s3x_pi.o
                0x00000000000040b4                s3x_pi_get_st
 .text.s3x_pi_set_cfg_st
                0x00000000000040d8       0x94 /sdcard/Download/iith/vaman/Assignment-9/codes/GCC_Project/output/s3x_pi.o
                0x00000000000040d8                s3x_pi_set_cfg_st
 .text.s3x_pi_set_active_st
                0x000000000000416c       0xa4 /sdcard/Download/iith/vaman/Assignment-9/codes/GCC_Project/output/s3x_pi.o
                0x000000000000416c                s3x_pi_set_active_st
 .text.s3x_pi_get_clkg_st
                0x0000000000004210       0x36 /sdcard/Download/iith/vaman/Assignment-9/codes/GCC_Project/output/s3x_pi.o
                0x0000000000004210                s3x_pi_get_clkg_st
 .text.s3x_pi_set_clkg_st
                0x0000000000004246       0x26 /sdcard/Download/iith/vaman/Assignment-9/codes/GCC_Project/output/s3x_pi.o
                0x0000000000004246                s3x_pi_set_clkg_st
 .text.s3x_set_pi_state
                0x000000000000426c        0xc /sdcard/Download/iith/vaman/Assignment-9/codes/GCC_Project/output/s3x_pi.o
                0x000000000000426c                s3x_set_pi_state
 .text.s3x_get_pi_init_state
                0x0000000000004278       0x18 /sdcard/Download/iith/vaman/Assignment-9/codes/GCC_Project/output/s3x_pi.o
                0x0000000000004278                s3x_get_pi_init_state
 .text.S3x_pi_init
                0x0000000000004290       0x20 /sdcard/Download/iith/vaman/Assignment-9/codes/GCC_Project/output/s3x_pi.o
                0x0000000000004290                S3x_pi_init
 .text.S3x_pwrcfg_init
                0x00000000000042b0       0x2c /sdcard/Download/iith/vaman/Assignment-9/codes/GCC_Project/output/s3x_pwrcfg.o
                0x00000000000042b0                S3x_pwrcfg_init
 .text.S3x_get_qos_rate
                0x00000000000042dc       0x38 /sdcard/Download/iith/vaman/Assignment-9/codes/GCC_Project/output/s3x_qos.o
                0x00000000000042dc                S3x_get_qos_rate
 .text.save_assert_info
                0x0000000000004314       0x74 /sdcard/Download/iith/vaman/Assignment-9/codes/GCC_Project/output/sec_debug.o
                0x0000000000004314                save_assert_info
 .text.invoke_soft_fault
                0x0000000000004388       0x20 /sdcard/Download/iith/vaman/Assignment-9/codes/GCC_Project/output/sec_debug.o
                0x0000000000004388                invoke_soft_fault
 .text.Reset_Handler
                0x00000000000043a8       0x2c /sdcard/Download/iith/vaman/Assignment-9/codes/GCC_Project/output/startup_EOSS3B_GCC.o
                0x00000000000043a8                Reset_Handler
 .text.__semihost_call
                0x00000000000043d4        0x6 /sdcard/Download/iith/vaman/Assignment-9/codes/GCC_Project/output/startup_EOSS3B_GCC.o
                0x00000000000043d4                __semihost_call
 *fill*         0x00000000000043da        0x2 
 .text.prvResetNextTaskUnblockTime
                0x00000000000043dc       0x24 /sdcard/Download/iith/vaman/Assignment-9/codes/GCC_Project/output/tasks.o
 .text.prvAddCurrentTaskToDelayedList
                0x0000000000004400       0x8c /sdcard/Download/iith/vaman/Assignment-9/codes/GCC_Project/output/tasks.o
 .text.xTaskCreate
                0x000000000000448c      0x1e0 /sdcard/Download/iith/vaman/Assignment-9/codes/GCC_Project/output/tasks.o
                0x000000000000448c                xTaskCreate
 .text.vTaskSuspendAll
                0x000000000000466c       0x10 /sdcard/Download/iith/vaman/Assignment-9/codes/GCC_Project/output/tasks.o
                0x000000000000466c                vTaskSuspendAll
 .text.xTaskGetTickCount
                0x000000000000467c        0xc /sdcard/Download/iith/vaman/Assignment-9/codes/GCC_Project/output/tasks.o
                0x000000000000467c                xTaskGetTickCount
 .text.xTaskIncrementTick
                0x0000000000004688      0x14c /sdcard/Download/iith/vaman/Assignment-9/codes/GCC_Project/output/tasks.o
                0x0000000000004688                xTaskIncrementTick
 .text.xTaskResumeAll
                0x00000000000047d4      0x100 /sdcard/Download/iith/vaman/Assignment-9/codes/GCC_Project/output/tasks.o
                0x00000000000047d4                xTaskResumeAll
 .text.vTaskDelay
                0x00000000000048d4       0x60 /sdcard/Download/iith/vaman/Assignment-9/codes/GCC_Project/output/tasks.o
                0x00000000000048d4                vTaskDelay
 .text.vTaskSwitchContext
                0x0000000000004934       0xb8 /sdcard/Download/iith/vaman/Assignment-9/codes/GCC_Project/output/tasks.o
                0x0000000000004934                vTaskSwitchContext
 .text.vTaskPlaceOnEventList
                0x00000000000049ec       0x48 /sdcard/Download/iith/vaman/Assignment-9/codes/GCC_Project/output/tasks.o
                0x00000000000049ec                vTaskPlaceOnEventList
 .text.xTaskRemoveFromEventList
                0x0000000000004a34       0x9c /sdcard/Download/iith/vaman/Assignment-9/codes/GCC_Project/output/tasks.o
                0x0000000000004a34                xTaskRemoveFromEventList
 .text.vTaskInternalSetTimeOutState
                0x0000000000004ad0       0x18 /sdcard/Download/iith/vaman/Assignment-9/codes/GCC_Project/output/tasks.o
                0x0000000000004ad0                vTaskInternalSetTimeOutState
 .text.xTaskCheckForTimeOut
                0x0000000000004ae8       0x94 /sdcard/Download/iith/vaman/Assignment-9/codes/GCC_Project/output/tasks.o
                0x0000000000004ae8                xTaskCheckForTimeOut
 .text.vTaskMissedYield
                0x0000000000004b7c        0xc /sdcard/Download/iith/vaman/Assignment-9/codes/GCC_Project/output/tasks.o
                0x0000000000004b7c                vTaskMissedYield
 .text.uxTaskGetTCBNumber
                0x0000000000004b88       0x14 /sdcard/Download/iith/vaman/Assignment-9/codes/GCC_Project/output/tasks.o
                0x0000000000004b88                uxTaskGetTCBNumber
 .text.xTaskGetCurrentTaskHandle
                0x0000000000004b9c        0xc /sdcard/Download/iith/vaman/Assignment-9/codes/GCC_Project/output/tasks.o
                0x0000000000004b9c                xTaskGetCurrentTaskHandle
 .text.xTaskGetSchedulerState
                0x0000000000004ba8       0x20 /sdcard/Download/iith/vaman/Assignment-9/codes/GCC_Project/output/tasks.o
                0x0000000000004ba8                xTaskGetSchedulerState
 .text.xTaskPriorityInherit
                0x0000000000004bc8       0xa8 /sdcard/Download/iith/vaman/Assignment-9/codes/GCC_Project/output/tasks.o
                0x0000000000004bc8                xTaskPriorityInherit
 .text.xTaskPriorityDisinherit
                0x0000000000004c70       0xc4 /sdcard/Download/iith/vaman/Assignment-9/codes/GCC_Project/output/tasks.o
                0x0000000000004c70                xTaskPriorityDisinherit
 .text.vTaskPriorityDisinheritAfterTimeout
                0x0000000000004d34       0xd8 /sdcard/Download/iith/vaman/Assignment-9/codes/GCC_Project/output/tasks.o
                0x0000000000004d34                vTaskPriorityDisinheritAfterTimeout
 .text.pvTaskIncrementMutexHeldCount
                0x0000000000004e0c       0x18 /sdcard/Download/iith/vaman/Assignment-9/codes/GCC_Project/output/tasks.o
                0x0000000000004e0c                pvTaskIncrementMutexHeldCount
 .text.prvCheckForValidListAndQueue
                0x0000000000004e24       0x58 /sdcard/Download/iith/vaman/Assignment-9/codes/GCC_Project/output/timers.o
 .text.xTimerCreate
                0x0000000000004e7c       0x58 /sdcard/Download/iith/vaman/Assignment-9/codes/GCC_Project/output/timers.o
                0x0000000000004e7c                xTimerCreate
 .text.xTimerGenericCommand
                0x0000000000004ed4       0x70 /sdcard/Download/iith/vaman/Assignment-9/codes/GCC_Project/output/timers.o
                0x0000000000004ed4                xTimerGenericCommand
 .text          0x0000000000004f44       0x30 /usr/lib/gcc/arm-none-eabi/8.3.1/thumb/v7e-m+fp/hard/libgcc.a(_aeabi_uldivmod.o)
                0x0000000000004f44                __aeabi_uldivmod
 .text          0x0000000000004f74      0x2d0 /usr/lib/gcc/arm-none-eabi/8.3.1/thumb/v7e-m+fp/hard/libgcc.a(_udivmoddi4.o)
                0x0000000000004f74                __udivmoddi4
 .text          0x0000000000005244        0x4 /usr/lib/gcc/arm-none-eabi/8.3.1/thumb/v7e-m+fp/hard/libgcc.a(_dvmd_tls.o)
                0x0000000000005244                __aeabi_ldiv0
                0x0000000000005244                __aeabi_idiv0
 .text          0x0000000000005248        0xc /usr/lib/gcc/arm-none-eabi/8.3.1/../../../arm-none-eabi/lib/thumb/v7e-m+fp/hard/libg_nano.a(lib_a-atexit.o)
                0x0000000000005248                atexit
 .text          0x0000000000005254       0x28 /usr/lib/gcc/arm-none-eabi/8.3.1/../../../arm-none-eabi/lib/thumb/v7e-m+fp/hard/libg_nano.a(lib_a-exit.o)
                0x0000000000005254                exit
 .text          0x000000000000527c       0x34 /usr/lib/gcc/arm-none-eabi/8.3.1/../../../arm-none-eabi/lib/thumb/v7e-m+fp/hard/libg_nano.a(lib_a-fini.o)
                0x000000000000527c                __libc_fini_array
 .text          0x00000000000052b0       0x48 /usr/lib/gcc/arm-none-eabi/8.3.1/../../../arm-none-eabi/lib/thumb/v7e-m+fp/hard/libg_nano.a(lib_a-init.o)
                0x00000000000052b0                __libc_init_array
 .text          0x00000000000052f8       0x20 /usr/lib/gcc/arm-none-eabi/8.3.1/../../../arm-none-eabi/lib/thumb/v7e-m+fp/hard/libg_nano.a(lib_a-malloc.o)
                0x00000000000052f8                malloc
                0x0000000000005308                free
 .text          0x0000000000005318      0x134 /usr/lib/gcc/arm-none-eabi/8.3.1/../../../arm-none-eabi/lib/thumb/v7e-m+fp/hard/libg_nano.a(lib_a-memcpy.o)
                0x0000000000005318                memcpy
 .text          0x000000000000544c       0xa0 /usr/lib/gcc/arm-none-eabi/8.3.1/../../../arm-none-eabi/lib/thumb/v7e-m+fp/hard/libg_nano.a(lib_a-memset.o)
                0x000000000000544c                memset
 .text          0x00000000000054ec       0xac /usr/lib/gcc/arm-none-eabi/8.3.1/../../../arm-none-eabi/lib/thumb/v7e-m+fp/hard/libg_nano.a(lib_a-nano-freer.o)
                0x00000000000054ec                _free_r
 .text          0x0000000000005598       0xc8 /usr/lib/gcc/arm-none-eabi/8.3.1/../../../arm-none-eabi/lib/thumb/v7e-m+fp/hard/libg_nano.a(lib_a-nano-mallocr.o)
                0x0000000000005598                _malloc_r
 .text          0x0000000000005660       0x68 /usr/lib/gcc/arm-none-eabi/8.3.1/../../../arm-none-eabi/lib/thumb/v7e-m+fp/hard/libg_nano.a(lib_a-printf.o)
                0x0000000000005660                _printf_r
                0x0000000000005660                _iprintf_r
                0x0000000000005690                printf
                0x0000000000005690                iprintf
 .text          0x00000000000056c8       0xe8 /usr/lib/gcc/arm-none-eabi/8.3.1/../../../arm-none-eabi/lib/thumb/v7e-m+fp/hard/libg_nano.a(lib_a-puts.o)
                0x00000000000056c8                _puts_r
                0x00000000000057a0                puts
 .text          0x00000000000057b0       0x24 /usr/lib/gcc/arm-none-eabi/8.3.1/../../../arm-none-eabi/lib/thumb/v7e-m+fp/hard/libg_nano.a(lib_a-sbrkr.o)
                0x00000000000057b0                _sbrk_r
 .text          0x00000000000057d4       0x1c /usr/lib/gcc/arm-none-eabi/8.3.1/../../../arm-none-eabi/lib/thumb/v7e-m+fp/hard/libg_nano.a(lib_a-setjmp.o)
                0x00000000000057d4                setjmp
                0x00000000000057e0                longjmp
 .text          0x00000000000057f0      0x110 /usr/lib/gcc/arm-none-eabi/8.3.1/../../../arm-none-eabi/lib/thumb/v7e-m+fp/hard/libg_nano.a(lib_a-snprintf.o)
                0x00000000000057f0                _sniprintf_r
                0x00000000000057f0                _snprintf_r
                0x0000000000005874                snprintf
                0x0000000000005874                sniprintf
 .text          0x0000000000005900       0x80 /usr/lib/gcc/arm-none-eabi/8.3.1/../../../arm-none-eabi/lib/thumb/v7e-m+fp/hard/libg_nano.a(lib_a-sprintf.o)
                0x0000000000005900                _siprintf_r
                0x0000000000005900                _sprintf_r
                0x000000000000593c                sprintf
                0x000000000000593c                siprintf
 .text          0x0000000000005980       0xc8 /usr/lib/gcc/arm-none-eabi/8.3.1/../../../arm-none-eabi/lib/thumb/v7e-m+fp/hard/libg_nano.a(lib_a-strchr.o)
                0x0000000000005980                strchr
 *fill*         0x0000000000005a48       0x18 
 .text          0x0000000000005a60      0x2dc /usr/lib/gcc/arm-none-eabi/8.3.1/../../../arm-none-eabi/lib/thumb/v7e-m+fp/hard/libg_nano.a(lib_a-strcmp.o)
                0x0000000000005a68                strcmp
 .text          0x0000000000005d3c       0xbc /usr/lib/gcc/arm-none-eabi/8.3.1/../../../arm-none-eabi/lib/thumb/v7e-m+fp/hard/libg_nano.a(lib_a-strcpy.o)
                0x0000000000005d3c                strcpy
 *fill*         0x0000000000005df8        0x8 
 .text          0x0000000000005e00       0xdc /usr/lib/gcc/arm-none-eabi/8.3.1/../../../arm-none-eabi/lib/thumb/v7e-m+fp/hard/libg_nano.a(lib_a-strlen.o)
                0x0000000000005e00                strlen
 .text          0x0000000000005edc       0x74 /usr/lib/gcc/arm-none-eabi/8.3.1/../../../arm-none-eabi/lib/thumb/v7e-m+fp/hard/libg_nano.a(lib_a-strncpy.o)
                0x0000000000005edc                strncpy
 .text          0x0000000000005f50       0x24 /usr/lib/gcc/arm-none-eabi/8.3.1/../../../arm-none-eabi/lib/thumb/v7e-m+fp/hard/libg_nano.a(lib_a-strrchr.o)
                0x0000000000005f50                strrchr
 .text          0x0000000000005f74       0x70 /usr/lib/gcc/arm-none-eabi/8.3.1/../../../arm-none-eabi/lib/thumb/v7e-m+fp/hard/libg_nano.a(lib_a-strtok_r.o)
                0x0000000000005f74                __strtok_r
                0x0000000000005fdc                strtok_r
 .text          0x0000000000005fe4      0x1c4 /usr/lib/gcc/arm-none-eabi/8.3.1/../../../arm-none-eabi/lib/thumb/v7e-m+fp/hard/libg_nano.a(lib_a-strtoll.o)
                0x0000000000006174                _strtoll_r
                0x0000000000006178                strtoll_l
                0x0000000000006190                strtoll
 .text          0x00000000000061a8      0x1f8 /usr/lib/gcc/arm-none-eabi/8.3.1/../../../arm-none-eabi/lib/thumb/v7e-m+fp/hard/libg_nano.a(lib_a-strtoull.o)
                0x000000000000636c                _strtoull_r
                0x0000000000006370                strtoull_l
                0x0000000000006388                strtoull
 .text          0x00000000000063a0       0x88 /usr/lib/gcc/arm-none-eabi/8.3.1/../../../arm-none-eabi/lib/thumb/v7e-m+fp/hard/libg_nano.a(lib_a-vsnprintf.o)
                0x00000000000063a0                _vsnprintf_r
                0x00000000000063a0                _vsniprintf_r
                0x000000000000640c                vsnprintf
                0x000000000000640c                vsniprintf
 .text          0x0000000000006428       0xc0 /usr/lib/gcc/arm-none-eabi/8.3.1/../../../arm-none-eabi/lib/thumb/v7e-m+fp/hard/libg_nano.a(lib_a-wbuf.o)
                0x0000000000006428                __swbuf_r
                0x00000000000064d8                __swbuf
 .text          0x00000000000064e8      0x100 /usr/lib/gcc/arm-none-eabi/8.3.1/../../../arm-none-eabi/lib/thumb/v7e-m+fp/hard/libg_nano.a(lib_a-wsetup.o)
                0x00000000000064e8                __swsetup_r
 .text          0x00000000000065e8       0xa0 /usr/lib/gcc/arm-none-eabi/8.3.1/../../../arm-none-eabi/lib/thumb/v7e-m+fp/hard/libg_nano.a(lib_a-__atexit.o)
                0x00000000000065e8                __register_exitproc
 .text          0x0000000000006688       0x9c /usr/lib/gcc/arm-none-eabi/8.3.1/../../../arm-none-eabi/lib/thumb/v7e-m+fp/hard/libg_nano.a(lib_a-__call_atexit.o)
                0x0000000000006688                __call_exitprocs
 .text          0x0000000000006724      0x1b0 /usr/lib/gcc/arm-none-eabi/8.3.1/../../../arm-none-eabi/lib/thumb/v7e-m+fp/hard/libg_nano.a(lib_a-fflush.o)
                0x0000000000006724                __sflush_r
                0x0000000000006850                _fflush_r
                0x00000000000068b0                fflush
 .text          0x00000000000068d4      0x210 /usr/lib/gcc/arm-none-eabi/8.3.1/../../../arm-none-eabi/lib/thumb/v7e-m+fp/hard/libg_nano.a(lib_a-findfp.o)
                0x00000000000068d8                _cleanup_r
                0x00000000000068e8                __sfmoreglue
                0x0000000000006918                __sfp
                0x0000000000006a90                _cleanup
                0x0000000000006aa4                __sinit
                0x0000000000006aac                __sfp_lock_acquire
                0x0000000000006ab0                __sfp_lock_release
                0x0000000000006ab4                __sinit_lock_acquire
                0x0000000000006ab8                __sinit_lock_release
                0x0000000000006abc                __fp_lock_all
                0x0000000000006ad0                __fp_unlock_all
 .text          0x0000000000006ae4       0xa0 /usr/lib/gcc/arm-none-eabi/8.3.1/../../../arm-none-eabi/lib/thumb/v7e-m+fp/hard/libg_nano.a(lib_a-fwalk.o)
                0x0000000000006ae4                _fwalk
                0x0000000000006b30                _fwalk_reent
 .text          0x0000000000006b84       0xf0 /usr/lib/gcc/arm-none-eabi/8.3.1/../../../arm-none-eabi/lib/thumb/v7e-m+fp/hard/libg_nano.a(lib_a-makebuf.o)
                0x0000000000006b84                __swhatbuf_r
                0x0000000000006be0                __smakebuf_r
 .text          0x0000000000006c74        0x8 /usr/lib/gcc/arm-none-eabi/8.3.1/../../../arm-none-eabi/lib/thumb/v7e-m+fp/hard/libg_nano.a(lib_a-mlock.o)
                0x0000000000006c74                __malloc_lock
                0x0000000000006c78                __malloc_unlock
 .text          0x0000000000006c7c      0x42c /usr/lib/gcc/arm-none-eabi/8.3.1/../../../arm-none-eabi/lib/thumb/v7e-m+fp/hard/libg_nano.a(lib_a-nano-svfprintf.o)
                0x0000000000006c7c                __ssputs_r
                0x0000000000006d3c                __ssprint_r
                0x0000000000006e34                _svfprintf_r
                0x0000000000006e34                _svfiprintf_r
 .text          0x00000000000070a8      0x364 /usr/lib/gcc/arm-none-eabi/8.3.1/../../../arm-none-eabi/lib/thumb/v7e-m+fp/hard/libg_nano.a(lib_a-nano-vfprintf.o)
                0x00000000000070e4                __sfputs_r
                0x0000000000007114                __sprint_r
                0x0000000000007130                _vfiprintf_r
                0x0000000000007130                _vfprintf_r
                0x00000000000073f4                vfiprintf
                0x00000000000073f4                vfprintf
 .text          0x000000000000740c      0x3c4 /usr/lib/gcc/arm-none-eabi/8.3.1/../../../arm-none-eabi/lib/thumb/v7e-m+fp/hard/libg_nano.a(lib_a-nano-vfprintf_i.o)
                0x000000000000740c                _printf_common
                0x0000000000007538                _printf_i
 .text          0x00000000000077d0       0x90 /usr/lib/gcc/arm-none-eabi/8.3.1/../../../arm-none-eabi/lib/thumb/v7e-m+fp/hard/libg_nano.a(lib_a-stdio.o)
                0x00000000000077d0                __sread
                0x00000000000077f4                __seofread
                0x00000000000077f8                __swrite
                0x0000000000007838                __sseek
                0x0000000000007858                __sclose
 .text          0x0000000000007860       0x2c /usr/lib/gcc/arm-none-eabi/8.3.1/../../../arm-none-eabi/lib/thumb/v7e-m+fp/hard/libg_nano.a(lib_a-writer.o)
                0x0000000000007860                _write_r
 .text          0x000000000000788c       0x24 /usr/lib/gcc/arm-none-eabi/8.3.1/../../../arm-none-eabi/lib/thumb/v7e-m+fp/hard/libg_nano.a(lib_a-closer.o)
                0x000000000000788c                _close_r
 .text          0x00000000000078b0       0x28 /usr/lib/gcc/arm-none-eabi/8.3.1/../../../arm-none-eabi/lib/thumb/v7e-m+fp/hard/libg_nano.a(lib_a-fstatr.o)
                0x00000000000078b0                _fstat_r
 .text          0x00000000000078d8      0x308 /usr/lib/gcc/arm-none-eabi/8.3.1/../../../arm-none-eabi/lib/thumb/v7e-m+fp/hard/libg_nano.a(lib_a-fvwrite.o)
                0x00000000000078d8                __sfvwrite_r
 .text          0x0000000000007be0       0x24 /usr/lib/gcc/arm-none-eabi/8.3.1/../../../arm-none-eabi/lib/thumb/v7e-m+fp/hard/libg_nano.a(lib_a-isattyr.o)
                0x0000000000007be0                _isatty_r
 .text          0x0000000000007c04       0x2c /usr/lib/gcc/arm-none-eabi/8.3.1/../../../arm-none-eabi/lib/thumb/v7e-m+fp/hard/libg_nano.a(lib_a-lseekr.o)
                0x0000000000007c04                _lseek_r
 .text          0x0000000000007c30       0xa0 /usr/lib/gcc/arm-none-eabi/8.3.1/../../../arm-none-eabi/lib/thumb/v7e-m+fp/hard/libg_nano.a(lib_a-memchr.o)
                0x0000000000007c30                memchr
 .text          0x0000000000007cd0       0xd0 /usr/lib/gcc/arm-none-eabi/8.3.1/../../../arm-none-eabi/lib/thumb/v7e-m+fp/hard/libg_nano.a(lib_a-memmove.o)
                0x0000000000007cd0                memmove
 .text          0x0000000000007da0       0x4c /usr/lib/gcc/arm-none-eabi/8.3.1/../../../arm-none-eabi/lib/thumb/v7e-m+fp/hard/libg_nano.a(lib_a-nano-reallocr.o)
                0x0000000000007da0                _realloc_r
 .text          0x0000000000007dec       0x2c /usr/lib/gcc/arm-none-eabi/8.3.1/../../../arm-none-eabi/lib/thumb/v7e-m+fp/hard/libg_nano.a(lib_a-readr.o)
                0x0000000000007dec                _read_r
 .text          0x0000000000007e18       0x10 /usr/lib/gcc/arm-none-eabi/8.3.1/../../../arm-none-eabi/lib/thumb/v7e-m+fp/hard/libg_nano.a(lib_a-nano-msizer.o)
                0x0000000000007e18                _malloc_usable_size_r
 .text          0x0000000000007e28       0x10 /usr/lib/gcc/arm-none-eabi/8.3.1/../../../arm-none-eabi/lib/thumb/v7e-m+fp/hard/libnosys.a(fstat.o)
                0x0000000000007e28                _fstat
 .text          0x0000000000007e38       0x10 /usr/lib/gcc/arm-none-eabi/8.3.1/../../../arm-none-eabi/lib/thumb/v7e-m+fp/hard/libnosys.a(isatty.o)
                0x0000000000007e38                _isatty
 .text          0x0000000000007e48       0x1c /usr/lib/gcc/arm-none-eabi/8.3.1/../../../arm-none-eabi/lib/thumb/v7e-m+fp/hard/libnosys.a(sbrk.o)
                0x0000000000007e48                _sbrk
 .text          0x0000000000007e64        0x4 /usr/lib/gcc/arm-none-eabi/8.3.1/../../../arm-none-eabi/lib/thumb/v7e-m+fp/hard/libnosys.a(_exit.o)
                0x0000000000007e64                _exit
 *(.init)
 .init          0x0000000000007e68        0x4 /usr/lib/gcc/arm-none-eabi/8.3.1/thumb/v7e-m+fp/hard/crti.o
                0x0000000000007e68                _init
 .init          0x0000000000007e6c        0x8 /usr/lib/gcc/arm-none-eabi/8.3.1/thumb/v7e-m+fp/hard/crtn.o
 *(.fini)
 .fini          0x0000000000007e74        0x4 /usr/lib/gcc/arm-none-eabi/8.3.1/thumb/v7e-m+fp/hard/crti.o
                0x0000000000007e74                _fini
 .fini          0x0000000000007e78        0x8 /usr/lib/gcc/arm-none-eabi/8.3.1/thumb/v7e-m+fp/hard/crtn.o
 *crtbegin.o(.ctors)
 *crtbegin?.o(.ctors)
 *(EXCLUDE_FILE(*crtend.o *crtend?.o) .ctors)
 *(SORT_BY_NAME(.ctors.*))
 *(.ctors)
 *crtbegin.o(.dtors)
 *crtbegin?.o(.dtors)
 *(EXCLUDE_FILE(*crtend.o *crtend?.o) .dtors)
 *(SORT_BY_NAME(.dtors.*))
 *(.dtors)
 *(.rodata*)
 .rodata.CLI_string_ptr_get_subcmd.str1.1
                0x0000000000007e80        0xc /sdcard/Download/iith/vaman/Assignment-9/codes/GCC_Project/output/cli_args.o
 .rodata.CLI_numX_getshow_X.str1.1
                0x0000000000007e8c       0x23 /sdcard/Download/iith/vaman/Assignment-9/codes/GCC_Project/output/cli_args.o
 .rodata.CLI_cmd_stack_pop.str1.1
                0x0000000000007eaf       0x16 /sdcard/Download/iith/vaman/Assignment-9/codes/GCC_Project/output/cli_loop.o
 .rodata.CLI_cmd_stack_push.str1.1
                0x0000000000007ec5       0x1a /sdcard/Download/iith/vaman/Assignment-9/codes/GCC_Project/output/cli_loop.o
 .rodata.CLI_dispatch.str1.1
                0x0000000000007edf       0x21 /sdcard/Download/iith/vaman/Assignment-9/codes/GCC_Project/output/cli_loop.o
 .rodata.CLI_dispatch_subcmd.str1.1
                0x0000000000007f00       0x2a /sdcard/Download/iith/vaman/Assignment-9/codes/GCC_Project/output/cli_loop.o
 .rodata.CLI_print_prompt.str1.1
                0x0000000000007f2a        0xd /sdcard/Download/iith/vaman/Assignment-9/codes/GCC_Project/output/cli_loop.o
 .rodata.CLI_rx_byte.str1.1
                0x0000000000007f37        0x9 /sdcard/Download/iith/vaman/Assignment-9/codes/GCC_Project/output/cli_loop.o
 .rodata.CLI_verror.str1.1
                0x0000000000007f40        0x8 /sdcard/Download/iith/vaman/Assignment-9/codes/GCC_Project/output/cli_loop.o
 .rodata._backspace.7305
                0x0000000000007f48        0x4 /sdcard/Download/iith/vaman/Assignment-9/codes/GCC_Project/output/cli_loop.o
 .rodata.handle_exit.str1.1
                0x0000000000007f4c        0xa /sdcard/Download/iith/vaman/Assignment-9/codes/GCC_Project/output/cli_loop.o
 .rodata.handle_help.str1.1
                0x0000000000007f56       0x2e /sdcard/Download/iith/vaman/Assignment-9/codes/GCC_Project/output/cli_loop.o
                                         0x33 (size before relaxing)
 .rodata.std_cmds
                0x0000000000007f84       0x40 /sdcard/Download/iith/vaman/Assignment-9/codes/GCC_Project/output/cli_loop.o
 .rodata.str1.1
                0x0000000000007fc4       0x21 /sdcard/Download/iith/vaman/Assignment-9/codes/GCC_Project/output/cli_loop.o
                                         0x26 (size before relaxing)
 .rodata.CLI_error_missing_parameter.str1.1
                0x0000000000007fe5        0xd /sdcard/Download/iith/vaman/Assignment-9/codes/GCC_Project/output/cli_misc.o
 .rodata.CLI_error_not_a_number.str1.1
                0x0000000000007ff2       0x17 /sdcard/Download/iith/vaman/Assignment-9/codes/GCC_Project/output/cli_misc.o
 .rodata.CLI_start_task.str1.1
                0x0000000000008009       0x5a /sdcard/Download/iith/vaman/Assignment-9/codes/GCC_Project/output/cli_platform.o
 .rodata.CLI_task.str1.1
                0x0000000000008063       0x42 /sdcard/Download/iith/vaman/Assignment-9/codes/GCC_Project/output/cli_platform.o
 .rodata.dbg_str.str1.1
                0x00000000000080a5        0x3 /sdcard/Download/iith/vaman/Assignment-9/codes/GCC_Project/output/dbg_uart.o
 .rodata._colon_tt.8565
                0x00000000000080a8        0x4 /sdcard/Download/iith/vaman/Assignment-9/codes/GCC_Project/output/dbg_uart.o
 .rodata.HAL_PAD_Config.str1.1
                0x00000000000080ac       0x54 /sdcard/Download/iith/vaman/Assignment-9/codes/GCC_Project/output/eoss3_hal_pad_config.o
 .rodata.IO_INPUT_PAD_SEL
                0x0000000000008100       0x10 /sdcard/Download/iith/vaman/Assignment-9/codes/GCC_Project/output/eoss3_hal_pad_config.o
                0x0000000000008100                IO_INPUT_PAD_SEL
 .rodata.SEL_EXT_PAD_REGS
                0x0000000000008110      0x160 /sdcard/Download/iith/vaman/Assignment-9/codes/GCC_Project/output/eoss3_hal_pad_config.o
                0x0000000000008110                SEL_EXT_PAD_REGS
 .rodata.unlock_spi1_bus.str1.1
                0x0000000000008270       0x36 /sdcard/Download/iith/vaman/Assignment-9/codes/GCC_Project/output/eoss3_hal_spi.o
 .rodata.SendEventToTimerThread.str1.1
                0x00000000000082a6       0x82 /sdcard/Download/iith/vaman/Assignment-9/codes/GCC_Project/output/eoss3_hal_timer.o
 .rodata.HAL_Timer_ISR.str1.1
                0x0000000000008328       0x20 /sdcard/Download/iith/vaman/Assignment-9/codes/GCC_Project/output/eoss3_hal_timer.o
 .rodata.__FUNCTION__.9326
                0x0000000000008348        0xe /sdcard/Download/iith/vaman/Assignment-9/codes/GCC_Project/output/eoss3_hal_timer.o
 .rodata.uart_init.str1.1
                0x0000000000008356        0xc /sdcard/Download/iith/vaman/Assignment-9/codes/GCC_Project/output/eoss3_hal_uart.o
 *fill*         0x0000000000008362        0x2 
 .rodata.CSWTCH.25
                0x0000000000008364       0x28 /sdcard/Download/iith/vaman/Assignment-9/codes/GCC_Project/output/eoss3_hal_uart.o
 .rodata.WDT_ISR.str1.1
                0x000000000000838c       0x4d /sdcard/Download/iith/vaman/Assignment-9/codes/GCC_Project/output/eoss3_hal_wdt.o
 .rodata.__FUNCTION__.8690
                0x00000000000083d9        0x8 /sdcard/Download/iith/vaman/Assignment-9/codes/GCC_Project/output/eoss3_hal_wdt.o
 .rodata.prvGetRegistersFromStack.str1.1
                0x00000000000083e1       0x41 /sdcard/Download/iith/vaman/Assignment-9/codes/GCC_Project/output/exceptions.o
                                         0x44 (size before relaxing)
 .rodata.spurious_interrupt.str1.1
                0x0000000000008422        0xd /sdcard/Download/iith/vaman/Assignment-9/codes/GCC_Project/output/exceptions.o
 .rodata.vApplicationMallocFailedHook.str1.1
                0x000000000000842f       0x20 /sdcard/Download/iith/vaman/Assignment-9/codes/GCC_Project/output/exceptions.o
 .rodata.vApplicationStackOverflowHook.str1.1
                0x000000000000844f       0x21 /sdcard/Download/iith/vaman/Assignment-9/codes/GCC_Project/output/exceptions.o
 .rodata.pvPortMalloc.str1.1
                0x0000000000008470       0x58 /sdcard/Download/iith/vaman/Assignment-9/codes/GCC_Project/output/heap_4.o
 .rodata.vPortFree.str1.1
                0x00000000000084c8       0x35 /sdcard/Download/iith/vaman/Assignment-9/codes/GCC_Project/output/heap_4.o
 .rodata.main.str1.1
                0x00000000000084fd       0xcb /sdcard/Download/iith/vaman/Assignment-9/codes/GCC_Project/output/main.o
                                         0xd0 (size before relaxing)
 .rodata.get_gpio_value.str1.1
                0x00000000000085c8       0x11 /sdcard/Download/iith/vaman/Assignment-9/codes/GCC_Project/output/main_dbg_cli_menu.o
 *fill*         0x00000000000085d9        0x3 
 .rodata.my_main_menu
                0x00000000000085dc       0x20 /sdcard/Download/iith/vaman/Assignment-9/codes/GCC_Project/output/main_dbg_cli_menu.o
                0x00000000000085dc                my_main_menu
 .rodata.qorc_gpioctlr
                0x00000000000085fc       0x40 /sdcard/Download/iith/vaman/Assignment-9/codes/GCC_Project/output/main_dbg_cli_menu.o
                0x00000000000085fc                qorc_gpioctlr
 .rodata.set_gpio_input.str1.1
                0x000000000000863c        0x3 /sdcard/Download/iith/vaman/Assignment-9/codes/GCC_Project/output/main_dbg_cli_menu.o
 .rodata.set_gpio_output.str1.1
                0x000000000000863f        0x3 /sdcard/Download/iith/vaman/Assignment-9/codes/GCC_Project/output/main_dbg_cli_menu.o
                                          0x4 (size before relaxing)
 .rodata.str1.1
                0x000000000000863f       0x6e /sdcard/Download/iith/vaman/Assignment-9/codes/GCC_Project/output/main_dbg_cli_menu.o
 .rodata.prvTaskExitError.str1.1
                0x00000000000086ad       0x6b /sdcard/Download/iith/vaman/Assignment-9/codes/GCC_Project/output/port.o
 .rodata.xQueueGenericReset.str1.1
                0x0000000000008718       0x46 /sdcard/Download/iith/vaman/Assignment-9/codes/GCC_Project/output/queue.o
 .rodata.S3x_Clk_Init.str1.1
                0x000000000000875e       0x5c /sdcard/Download/iith/vaman/Assignment-9/codes/GCC_Project/output/s3x_clock.o
 .rodata.DFS_StartTimer.str1.1
                0x00000000000087ba       0x5d /sdcard/Download/iith/vaman/Assignment-9/codes/GCC_Project/output/s3x_dfs.o
 .rodata.S3x_Set_Policy.str1.1
                0x0000000000008817       0x17 /sdcard/Download/iith/vaman/Assignment-9/codes/GCC_Project/output/s3x_dfs.o
 .rodata.s3x_pi_set_active_st.str1.1
                0x000000000000882e       0x2f /sdcard/Download/iith/vaman/Assignment-9/codes/GCC_Project/output/s3x_pi.o
 .rodata.__func__.9039
                0x000000000000885d       0x15 /sdcard/Download/iith/vaman/Assignment-9/codes/GCC_Project/output/s3x_pi.o
 .rodata        0x0000000000008872        0x8 /sdcard/Download/iith/vaman/Assignment-9/codes/GCC_Project/output/sec_debug.o
 .rodata.invoke_soft_fault.str1.1
                0x000000000000887a        0xc /sdcard/Download/iith/vaman/Assignment-9/codes/GCC_Project/output/sec_debug.o
 .rodata.save_assert_info.str1.1
                0x0000000000008886       0x1c /sdcard/Download/iith/vaman/Assignment-9/codes/GCC_Project/output/sec_debug.o
 .rodata.prvTaskIsTaskSuspended.str1.1
                0x00000000000088a2       0x46 /sdcard/Download/iith/vaman/Assignment-9/codes/GCC_Project/output/tasks.o
 .rodata.prvCheckForValidListAndQueue.str1.1
                0x00000000000088e8        0x5 /sdcard/Download/iith/vaman/Assignment-9/codes/GCC_Project/output/timers.o
 .rodata.xTimerCreateTimerTask.str1.1
                0x00000000000088ed       0x4f /sdcard/Download/iith/vaman/Assignment-9/codes/GCC_Project/output/timers.o
 .rodata        0x000000000000893c        0x4 /usr/lib/gcc/arm-none-eabi/8.3.1/../../../arm-none-eabi/lib/thumb/v7e-m+fp/hard/libg_nano.a(lib_a-impure.o)
                0x000000000000893c                _global_impure_ptr
 .rodata        0x0000000000008940      0x101 /usr/lib/gcc/arm-none-eabi/8.3.1/../../../arm-none-eabi/lib/thumb/v7e-m+fp/hard/libg_nano.a(lib_a-ctype_.o)
                0x0000000000008940                _ctype_
 *fill*         0x0000000000008a41        0x3 
 .rodata        0x0000000000008a44       0x60 /usr/lib/gcc/arm-none-eabi/8.3.1/../../../arm-none-eabi/lib/thumb/v7e-m+fp/hard/libg_nano.a(lib_a-findfp.o)
                0x0000000000008a44                __sf_fake_stderr
                0x0000000000008a64                __sf_fake_stdout
                0x0000000000008a84                __sf_fake_stdin
 .rodata.str1.4
                0x0000000000008aa4       0x13 /usr/lib/gcc/arm-none-eabi/8.3.1/../../../arm-none-eabi/lib/thumb/v7e-m+fp/hard/libg_nano.a(lib_a-nano-svfprintf.o)
 .rodata.str1.4
                0x0000000000008ab7       0x13 /usr/lib/gcc/arm-none-eabi/8.3.1/../../../arm-none-eabi/lib/thumb/v7e-m+fp/hard/libg_nano.a(lib_a-nano-vfprintf.o)
 *fill*         0x0000000000008ab7        0x1 
 .rodata.str1.4
                0x0000000000008ab8       0x25 /usr/lib/gcc/arm-none-eabi/8.3.1/../../../arm-none-eabi/lib/thumb/v7e-m+fp/hard/libg_nano.a(lib_a-nano-vfprintf_i.o)
 *(.eh_fram e*)

.eh_frame       0x0000000000008ae0        0x0
 .eh_frame      0x0000000000008ae0        0x0 /usr/lib/gcc/arm-none-eabi/8.3.1/thumb/v7e-m+fp/hard/crtbegin.o

.glue_7         0x0000000000008ae0        0x0
 .glue_7        0x0000000000008ae0        0x0 linker stubs

.glue_7t        0x0000000000008ae0        0x0
 .glue_7t       0x0000000000008ae0        0x0 linker stubs

.vfp11_veneer   0x0000000000008ae0        0x0
 .vfp11_veneer  0x0000000000008ae0        0x0 linker stubs

.v4_bx          0x0000000000008ae0        0x0
 .v4_bx         0x0000000000008ae0        0x0 linker stubs

.iplt           0x0000000000008ae0        0x0
 .iplt          0x0000000000008ae0        0x0 /usr/lib/gcc/arm-none-eabi/8.3.1/thumb/v7e-m+fp/hard/crtbegin.o

.ARM.extab
 *(.ARM.extab* .gnu.linkonce.armextab.*)
                0x0000000000008add                __exidx_start = .

.ARM.exidx      0x0000000000008ae0        0x8
 *(.ARM.exidx* .gnu.linkonce.armexidx.*)
 .ARM.exidx     0x0000000000008ae0        0x8 /usr/lib/gcc/arm-none-eabi/8.3.1/../../../arm-none-eabi/lib/thumb/v7e-m+fp/hard/crt0.o
                                         0x10 (size before relaxing)
 .ARM.exidx     0x0000000000008ae8        0x0 /usr/lib/gcc/arm-none-eabi/8.3.1/thumb/v7e-m+fp/hard/libgcc.a(_udivmoddi4.o)
                                          0x8 (size before relaxing)
                0x0000000000008ae8                __exidx_end = .
                0x0000000000008ae8                __etext = .
                0x0000000000008ae8                _sidata = __etext

.rel.dyn        0x0000000000008ae8        0x0
 .rel.iplt      0x0000000000008ae8        0x0 /usr/lib/gcc/arm-none-eabi/8.3.1/thumb/v7e-m+fp/hard/crtbegin.o

.data           0x0000000020027000      0x8fc load address 0x0000000000008ae8
                0x0000000020027000                __data_start__ = .
                0x0000000020027000                _sdata = __data_start__
 *(vtable)
 *(.data*)
 .data._dbg_uart_id
                0x0000000020027000        0x4 /sdcard/Download/iith/vaman/Assignment-9/codes/GCC_Project/output/dbg_uart.o
                0x0000000020027000                _dbg_uart_id
 .data._semihost_handle
                0x0000000020027004        0x4 /sdcard/Download/iith/vaman/Assignment-9/codes/GCC_Project/output/dbg_uart.o
                0x0000000020027004                _semihost_handle
 .data.pcDbgBuffer
                0x0000000020027008        0x4 /sdcard/Download/iith/vaman/Assignment-9/codes/GCC_Project/output/dbg_uart.o
                0x0000000020027008                pcDbgBuffer
 .data.pcDbgBufferLim
                0x000000002002700c        0x4 /sdcard/Download/iith/vaman/Assignment-9/codes/GCC_Project/output/dbg_uart.o
                0x000000002002700c                pcDbgBufferLim
 .data.rtc_alarm_interval
                0x0000000020027010        0x4 /sdcard/Download/iith/vaman/Assignment-9/codes/GCC_Project/output/eoss3_hal_rtc.o
 .data.pincfg_table
                0x0000000020027014       0xc0 /sdcard/Download/iith/vaman/Assignment-9/codes/GCC_Project/output/pincfg_table.o
                0x0000000020027014                pincfg_table
 .data.sizeof_pincfg_table
                0x00000000200270d4        0x4 /sdcard/Download/iith/vaman/Assignment-9/codes/GCC_Project/output/pincfg_table.o
                0x00000000200270d4                sizeof_pincfg_table
 .data.uxCriticalNesting
                0x00000000200270d8        0x4 /sdcard/Download/iith/vaman/Assignment-9/codes/GCC_Project/output/port.o
 .data.S3x_Clk_Domain_Gate_info
                0x00000000200270dc       0x90 /sdcard/Download/iith/vaman/Assignment-9/codes/GCC_Project/output/s3x_clock.o
                0x00000000200270dc                S3x_Clk_Domain_Gate_info
 .data.policyCurrent
                0x000000002002716c        0x1 /sdcard/Download/iith/vaman/Assignment-9/codes/GCC_Project/output/s3x_dfs.o
 .data.s3x_dfs_enable
                0x000000002002716d        0x1 /sdcard/Download/iith/vaman/Assignment-9/codes/GCC_Project/output/s3x_dfs.o
 .data.stepdown_clkd_index
                0x000000002002716e        0x4 /sdcard/Download/iith/vaman/Assignment-9/codes/GCC_Project/output/s3x_dfs.o